Archive member included to satisfy reference by file (symbol)

c:/st/stm32cubeide_1.7.0/stm32cubeide/plugins/com.st.stm32cube.ide.mcu.externaltools.gnu-tools-for-stm32.9-2020-q2-update.win32_2.0.0.202105311346/tools/bin/../lib/gcc/arm-none-eabi/9.3.1/../../../../arm-none-eabi/lib/thumb/v7-m/nofp\libc_nano.a(lib_a-errno.o)
                              ./Core/Src/syscalls.o (__errno)
c:/st/stm32cubeide_1.7.0/stm32cubeide/plugins/com.st.stm32cube.ide.mcu.externaltools.gnu-tools-for-stm32.9-2020-q2-update.win32_2.0.0.202105311346/tools/bin/../lib/gcc/arm-none-eabi/9.3.1/../../../../arm-none-eabi/lib/thumb/v7-m/nofp\libc_nano.a(lib_a-exit.o)
                              c:/st/stm32cubeide_1.7.0/stm32cubeide/plugins/com.st.stm32cube.ide.mcu.externaltools.gnu-tools-for-stm32.9-2020-q2-update.win32_2.0.0.202105311346/tools/bin/../lib/gcc/arm-none-eabi/9.3.1/../../../../arm-none-eabi/lib/thumb/v7-m/nofp/crt0.o (exit)
c:/st/stm32cubeide_1.7.0/stm32cubeide/plugins/com.st.stm32cube.ide.mcu.externaltools.gnu-tools-for-stm32.9-2020-q2-update.win32_2.0.0.202105311346/tools/bin/../lib/gcc/arm-none-eabi/9.3.1/../../../../arm-none-eabi/lib/thumb/v7-m/nofp\libc_nano.a(lib_a-impure.o)
                              c:/st/stm32cubeide_1.7.0/stm32cubeide/plugins/com.st.stm32cube.ide.mcu.externaltools.gnu-tools-for-stm32.9-2020-q2-update.win32_2.0.0.202105311346/tools/bin/../lib/gcc/arm-none-eabi/9.3.1/../../../../arm-none-eabi/lib/thumb/v7-m/nofp\libc_nano.a(lib_a-exit.o) (_global_impure_ptr)
c:/st/stm32cubeide_1.7.0/stm32cubeide/plugins/com.st.stm32cube.ide.mcu.externaltools.gnu-tools-for-stm32.9-2020-q2-update.win32_2.0.0.202105311346/tools/bin/../lib/gcc/arm-none-eabi/9.3.1/../../../../arm-none-eabi/lib/thumb/v7-m/nofp\libc_nano.a(lib_a-init.o)
                              c:/st/stm32cubeide_1.7.0/stm32cubeide/plugins/com.st.stm32cube.ide.mcu.externaltools.gnu-tools-for-stm32.9-2020-q2-update.win32_2.0.0.202105311346/tools/bin/../lib/gcc/arm-none-eabi/9.3.1/../../../../arm-none-eabi/lib/thumb/v7-m/nofp/crt0.o (__libc_init_array)
c:/st/stm32cubeide_1.7.0/stm32cubeide/plugins/com.st.stm32cube.ide.mcu.externaltools.gnu-tools-for-stm32.9-2020-q2-update.win32_2.0.0.202105311346/tools/bin/../lib/gcc/arm-none-eabi/9.3.1/../../../../arm-none-eabi/lib/thumb/v7-m/nofp\libc_nano.a(lib_a-malloc.o)
                              ./Core/Src/scheduler.o (malloc)
c:/st/stm32cubeide_1.7.0/stm32cubeide/plugins/com.st.stm32cube.ide.mcu.externaltools.gnu-tools-for-stm32.9-2020-q2-update.win32_2.0.0.202105311346/tools/bin/../lib/gcc/arm-none-eabi/9.3.1/../../../../arm-none-eabi/lib/thumb/v7-m/nofp\libc_nano.a(lib_a-memset.o)
                              c:/st/stm32cubeide_1.7.0/stm32cubeide/plugins/com.st.stm32cube.ide.mcu.externaltools.gnu-tools-for-stm32.9-2020-q2-update.win32_2.0.0.202105311346/tools/bin/../lib/gcc/arm-none-eabi/9.3.1/../../../../arm-none-eabi/lib/thumb/v7-m/nofp/crt0.o (memset)
c:/st/stm32cubeide_1.7.0/stm32cubeide/plugins/com.st.stm32cube.ide.mcu.externaltools.gnu-tools-for-stm32.9-2020-q2-update.win32_2.0.0.202105311346/tools/bin/../lib/gcc/arm-none-eabi/9.3.1/../../../../arm-none-eabi/lib/thumb/v7-m/nofp\libc_nano.a(lib_a-nano-freer.o)
                              c:/st/stm32cubeide_1.7.0/stm32cubeide/plugins/com.st.stm32cube.ide.mcu.externaltools.gnu-tools-for-stm32.9-2020-q2-update.win32_2.0.0.202105311346/tools/bin/../lib/gcc/arm-none-eabi/9.3.1/../../../../arm-none-eabi/lib/thumb/v7-m/nofp\libc_nano.a(lib_a-malloc.o) (_free_r)
c:/st/stm32cubeide_1.7.0/stm32cubeide/plugins/com.st.stm32cube.ide.mcu.externaltools.gnu-tools-for-stm32.9-2020-q2-update.win32_2.0.0.202105311346/tools/bin/../lib/gcc/arm-none-eabi/9.3.1/../../../../arm-none-eabi/lib/thumb/v7-m/nofp\libc_nano.a(lib_a-nano-mallocr.o)
                              c:/st/stm32cubeide_1.7.0/stm32cubeide/plugins/com.st.stm32cube.ide.mcu.externaltools.gnu-tools-for-stm32.9-2020-q2-update.win32_2.0.0.202105311346/tools/bin/../lib/gcc/arm-none-eabi/9.3.1/../../../../arm-none-eabi/lib/thumb/v7-m/nofp\libc_nano.a(lib_a-malloc.o) (_malloc_r)
c:/st/stm32cubeide_1.7.0/stm32cubeide/plugins/com.st.stm32cube.ide.mcu.externaltools.gnu-tools-for-stm32.9-2020-q2-update.win32_2.0.0.202105311346/tools/bin/../lib/gcc/arm-none-eabi/9.3.1/../../../../arm-none-eabi/lib/thumb/v7-m/nofp\libc_nano.a(lib_a-sbrkr.o)
                              c:/st/stm32cubeide_1.7.0/stm32cubeide/plugins/com.st.stm32cube.ide.mcu.externaltools.gnu-tools-for-stm32.9-2020-q2-update.win32_2.0.0.202105311346/tools/bin/../lib/gcc/arm-none-eabi/9.3.1/../../../../arm-none-eabi/lib/thumb/v7-m/nofp\libc_nano.a(lib_a-nano-mallocr.o) (_sbrk_r)
c:/st/stm32cubeide_1.7.0/stm32cubeide/plugins/com.st.stm32cube.ide.mcu.externaltools.gnu-tools-for-stm32.9-2020-q2-update.win32_2.0.0.202105311346/tools/bin/../lib/gcc/arm-none-eabi/9.3.1/../../../../arm-none-eabi/lib/thumb/v7-m/nofp\libc_nano.a(lib_a-sprintf.o)
                              ./Core/Src/scheduler.o (sprintf)
[...]
Memory Configuration

Name             Origin             Length             Attributes
RAM              0x0000000020000000 0x0000000000002800 xrw
FLASH            0x0000000008000000 0x0000000000008000 xr
*default*        0x0000000000000000 0xffffffffffffffff

Linker script and memory map

LOAD c:/st/stm32cubeide_1.7.0/stm32cubeide/plugins/com.st.stm32cube.ide.mcu.externaltools.gnu-tools-for-stm32.9-2020-q2-update.win32_2.0.0.202105311346/tools/bin/../lib/gcc/arm-none-eabi/9.3.1/thumb/v7-m/nofp/crti.o
LOAD c:/st/stm32cubeide_1.7.0/stm32cubeide/plugins/com.st.stm32cube.ide.mcu.externaltools.gnu-tools-for-stm32.9-2020-q2-update.win32_2.0.0.202105311346/tools/bin/../lib/gcc/arm-none-eabi/9.3.1/thumb/v7-m/nofp/crtbegin.o
LOAD c:/st/stm32cubeide_1.7.0/stm32cubeide/plugins/com.st.stm32cube.ide.mcu.externaltools.gnu-tools-for-stm32.9-2020-q2-update.win32_2.0.0.202105311346/tools/bin/../lib/gcc/arm-none-eabi/9.3.1/../../../../arm-none-eabi/lib/thumb/v7-m/nofp/crt0.o
LOAD ./Core/Src/button.o
LOAD ./Core/Src/fsm_auto.o
LOAD ./Core/Src/fsm_manual.o
LOAD ./Core/Src/global.o
LOAD ./Core/Src/main.o
LOAD ./Core/Src/scanLed.o
LOAD ./Core/Src/scheduler.o
LOAD ./Core/Src/software_timer.o
LOAD ./Core/Src/stm32f1xx_hal_msp.o
LOAD ./Core/Src/stm32f1xx_it.o
LOAD ./Core/Src/syscalls.o
LOAD ./Core/Src/sysmem.o
LOAD ./Core/Src/system_stm32f1xx.o
LOAD ./Core/Startup/startup_stm32f103c6ux.o
LOAD ./Drivers/STM32F1xx_HAL_Driver/Src/stm32f1xx_hal.o
LOAD ./Drivers/STM32F1xx_HAL_Driver/Src/stm32f1xx_hal_cortex.o
LOAD ./Drivers/STM32F1xx_HAL_Driver/Src/stm32f1xx_hal_dma.o
LOAD ./Drivers/STM32F1xx_HAL_Driver/Src/stm32f1xx_hal_exti.o
LOAD ./Drivers/STM32F1xx_HAL_Driver/Src/stm32f1xx_hal_flash.o
LOAD ./Drivers/STM32F1xx_HAL_Driver/Src/stm32f1xx_hal_flash_ex.o
LOAD ./Drivers/STM32F1xx_HAL_Driver/Src/stm32f1xx_hal_gpio.o
LOAD ./Drivers/STM32F1xx_HAL_Driver/Src/stm32f1xx_hal_gpio_ex.o
LOAD ./Drivers/STM32F1xx_HAL_Driver/Src/stm32f1xx_hal_pwr.o
LOAD ./Drivers/STM32F1xx_HAL_Driver/Src/stm32f1xx_hal_rcc.o
LOAD ./Drivers/STM32F1xx_HAL_Driver/Src/stm32f1xx_hal_rcc_ex.o
LOAD ./Drivers/STM32F1xx_HAL_Driver/Src/stm32f1xx_hal_tim.o
LOAD ./Drivers/STM32F1xx_HAL_Driver/Src/stm32f1xx_hal_tim_ex.o
LOAD ./Drivers/STM32F1xx_HAL_Driver/Src/stm32f1xx_hal_uart.o
START GROUP
LOAD c:/st/stm32cubeide_1.7.0/stm32cubeide/plugins/com.st.stm32cube.ide.mcu.externaltools.gnu-tools-for-stm32.9-2020-q2-update.win32_2.0.0.202105311346/tools/bin/../lib/gcc/arm-none-eabi/9.3.1/../../../../arm-none-eabi/lib/thumb/v7-m/nofp\libc_nano.a
LOAD c:/st/stm32cubeide_1.7.0/stm32cubeide/plugins/com.st.stm32cube.ide.mcu.externaltools.gnu-tools-for-stm32.9-2020-q2-update.win32_2.0.0.202105311346/tools/bin/../lib/gcc/arm-none-eabi/9.3.1/../../../../arm-none-eabi/lib/thumb/v7-m/nofp\libm.a
END GROUP
START GROUP
LOAD c:/st/stm32cubeide_1.7.0/stm32cubeide/plugins/com.st.stm32cube.ide.mcu.externaltools.gnu-tools-for-stm32.9-2020-q2-update.win32_2.0.0.202105311346/tools/bin/../lib/gcc/arm-none-eabi/9.3.1/thumb/v7-m/nofp\libgcc.a
LOAD c:/st/stm32cubeide_1.7.0/stm32cubeide/plugins/com.st.stm32cube.ide.mcu.externaltools.gnu-tools-for-stm32.9-2020-q2-update.win32_2.0.0.202105311346/tools/bin/../lib/gcc/arm-none-eabi/9.3.1/../../../../arm-none-eabi/lib/thumb/v7-m/nofp\libc_nano.a
END GROUP
START GROUP
LOAD c:/st/stm32cubeide_1.7.0/stm32cubeide/plugins/com.st.stm32cube.ide.mcu.externaltools.gnu-tools-for-stm32.9-2020-q2-update.win32_2.0.0.202105311346/tools/bin/../lib/gcc/arm-none-eabi/9.3.1/thumb/v7-m/nofp\libgcc.a
LOAD c:/st/stm32cubeide_1.7.0/stm32cubeide/plugins/com.st.stm32cube.ide.mcu.externaltools.gnu-tools-for-stm32.9-2020-q2-update.win32_2.0.0.202105311346/tools/bin/../lib/gcc/arm-none-eabi/9.3.1/../../../../arm-none-eabi/lib/thumb/v7-m/nofp\libc_nano.a
LOAD c:/st/stm32cubeide_1.7.0/stm32cubeide/plugins/com.st.stm32cube.ide.mcu.externaltools.gnu-tools-for-stm32.9-2020-q2-update.win32_2.0.0.202105311346/tools/bin/../lib/gcc/arm-none-eabi/9.3.1/../../../../arm-none-eabi/lib/thumb/v7-m/nofp\libnosys.a
END GROUP
START GROUP
LOAD c:/st/stm32cubeide_1.7.0/stm32cubeide/plugins/com.st.stm32cube.ide.mcu.externaltools.gnu-tools-for-stm32.9-2020-q2-update.win32_2.0.0.202105311346/tools/bin/../lib/gcc/arm-none-eabi/9.3.1/thumb/v7-m/nofp\libgcc.a
LOAD c:/st/stm32cubeide_1.7.0/stm32cubeide/plugins/com.st.stm32cube.ide.mcu.externaltools.gnu-tools-for-stm32.9-2020-q2-update.win32_2.0.0.202105311346/tools/bin/../lib/gcc/arm-none-eabi/9.3.1/../../../../arm-none-eabi/lib/thumb/v7-m/nofp\libc_nano.a
LOAD c:/st/stm32cubeide_1.7.0/stm32cubeide/plugins/com.st.stm32cube.ide.mcu.externaltools.gnu-tools-for-stm32.9-2020-q2-update.win32_2.0.0.202105311346/tools/bin/../lib/gcc/arm-none-eabi/9.3.1/../../../../arm-none-eabi/lib/thumb/v7-m/nofp\libnosys.a
END GROUP
LOAD c:/st/stm32cubeide_1.7.0/stm32cubeide/plugins/com.st.stm32cube.ide.mcu.externaltools.gnu-tools-for-stm32.9-2020-q2-update.win32_2.0.0.202105311346/tools/bin/../lib/gcc/arm-none-eabi/9.3.1/thumb/v7-m/nofp/crtend.o
LOAD c:/st/stm32cubeide_1.7.0/stm32cubeide/plugins/com.st.stm32cube.ide.mcu.externaltools.gnu-tools-for-stm32.9-2020-q2-update.win32_2.0.0.202105311346/tools/bin/../lib/gcc/arm-none-eabi/9.3.1/thumb/v7-m/nofp/crtn.o
                0x0000000020002800                _estack = (ORIGIN (RAM) + LENGTH (RAM))
                0x0000000000000200                _Min_Heap_Size = 0x200
                0x0000000000000400                _Min_Stack_Size = 0x400

.isr_vector     0x0000000008000000      0x10c
                0x0000000008000000                . = ALIGN (0x4)
 *(.isr_vector)
 .isr_vector    0x0000000008000000      0x10c ./Core/Startup/startup_stm32f103c6ux.o
                0x0000000008000000                g_pfnVectors
                0x000000000800010c                . = ALIGN (0x4)

.text           0x000000000800010c     0x4514
                0x000000000800010c                . = ALIGN (0x4)
 *(.text)
 .text          0x000000000800010c       0x40 c:/st/stm32cubeide_1.7.0/stm32cubeide/plugins/com.st.stm32cube.ide.mcu.externaltools.gnu-tools-for-stm32.9-2020-q2-update.win32_2.0.0.202105311346/tools/bin/../lib/gcc/arm-none-eabi/9.3.1/thumb/v7-m/nofp/crtbegin.o
 .text          0x000000000800014c       0x10 c:/st/stm32cubeide_1.7.0/stm32cubeide/plugins/com.st.stm32cube.ide.mcu.externaltools.gnu-tools-for-stm32.9-2020-q2-update.win32_2.0.0.202105311346/tools/bin/../lib/gcc/arm-none-eabi/9.3.1/../../../../arm-none-eabi/lib/thumb/v7-m/nofp\libc_nano.a(lib_a-strlen.o)
                0x000000000800014c                strlen
 *(.text*)
 .text.isButtonPressed
                0x000000000800015c       0x34 ./Core/Src/button.o
                0x000000000800015c                isButtonPressed
 .text.subKeyProcess
                0x0000000008000190       0x20 ./Core/Src/button.o
                0x0000000008000190                subKeyProcess
 .text.ReadPin  0x00000000080001b0       0x54 ./Core/Src/button.o
                0x00000000080001b0                ReadPin
 .text.getKeyinput
                0x0000000008000204       0xec ./Core/Src/button.o
                0x0000000008000204                getKeyinput
 .text.fsm_auto
                0x00000000080002f0      0x14c ./Core/Src/fsm_auto.o
                0x00000000080002f0                fsm_auto
 .text.turnbackINIT
                0x000000000800043c       0x5c ./Core/Src/fsm_manual.o
                0x000000000800043c                turnbackINIT
 .text.checkButton1
                0x0000000008000498       0x4c ./Core/Src/fsm_manual.o
                0x0000000008000498                checkButton1
 .text.checkButton2
                0x00000000080004e4       0x74 ./Core/Src/fsm_manual.o
                0x00000000080004e4                checkButton2
 .text.checkButton3
                0x0000000008000558       0x64 ./Core/Src/fsm_manual.o
                0x0000000008000558                checkButton3
 .text.fsm_manual
                0x00000000080005bc       0x74 ./Core/Src/fsm_manual.o
                0x00000000080005bc                fsm_manual
 .text.sendSignal
                0x0000000008000630       0x28 ./Core/Src/main.o
                0x0000000008000630                sendSignal
 .text.main     0x0000000008000658       0x60 ./Core/Src/main.o
                0x0000000008000658                main
 .text.SystemClock_Config
                0x00000000080006b8       0x76 ./Core/Src/main.o
                0x00000000080006b8                SystemClock_Config
 *fill*         0x000000000800072e        0x2 
 .text.MX_TIM2_Init
                0x0000000008000730       0x98 ./Core/Src/main.o
 .text.MX_USART1_UART_Init
                0x00000000080007c8       0x54 ./Core/Src/main.o
 .text.MX_GPIO_Init
                0x000000000800081c       0xe4 ./Core/Src/main.o
 .text.HAL_TIM_PeriodElapsedCallback
                0x0000000008000900       0x14 ./Core/Src/main.o
                0x0000000008000900                HAL_TIM_PeriodElapsedCallback
 .text.Error_Handler
                0x0000000008000914        0xa ./Core/Src/main.o
                0x0000000008000914                Error_Handler
 *fill*         0x000000000800091e        0x2 
 .text.turnoffAll
                0x0000000008000920       0x48 ./Core/Src/scanLed.o
                0x0000000008000920                turnoffAll
 .text.display7SEGtopbottom
                0x0000000008000968      0x320 ./Core/Src/scanLed.o
                0x0000000008000968                display7SEGtopbottom
 .text.display7SEGleftright
                0x0000000008000c88      0x39c ./Core/Src/scanLed.o
                0x0000000008000c88                display7SEGleftright
 .text.onRed1   0x0000000008001024       0x2c ./Core/Src/scanLed.o
                0x0000000008001024                onRed1
 .text.onYellow1
                0x0000000008001050       0x2c ./Core/Src/scanLed.o
                0x0000000008001050                onYellow1
 .text.onGreen1
                0x000000000800107c       0x2c ./Core/Src/scanLed.o
                0x000000000800107c                onGreen1
 .text.onRed2   0x00000000080010a8       0x2c ./Core/Src/scanLed.o
                0x00000000080010a8                onRed2
 .text.onYellow2
                0x00000000080010d4       0x2c ./Core/Src/scanLed.o
                0x00000000080010d4                onYellow2
 .text.onGreen2
                0x0000000008001100       0x2c ./Core/Src/scanLed.o
                0x0000000008001100                onGreen2
 .text.toggleRed
                0x000000000800112c       0x2c ./Core/Src/scanLed.o
                0x000000000800112c                toggleRed
 .text.toggleYellow
                0x0000000008001158       0x2c ./Core/Src/scanLed.o
                0x0000000008001158                toggleYellow
 .text.toggleGreen
                0x0000000008001184       0x2c ./Core/Src/scanLed.o
                0x0000000008001184                toggleGreen
 .text.counterBoard
                0x00000000080011b0      0x104 ./Core/Src/scanLed.o
                0x00000000080011b0                counterBoard
 .text.scanLed  0x00000000080012b4      0x100 ./Core/Src/scanLed.o
                0x00000000080012b4                scanLed
 .text.addTask  0x00000000080013b4       0xd8 ./Core/Src/scheduler.o
                0x00000000080013b4                addTask
 .text.SCH_Add_Task
                0x000000000800148c       0x50 ./Core/Src/scheduler.o
                0x000000000800148c                SCH_Add_Task
 .text.deleteTask
                0x00000000080014dc       0xc8 ./Core/Src/scheduler.o
                0x00000000080014dc                deleteTask
 .text.SCH_Delete_Task
                0x00000000080015a4       0x18 ./Core/Src/scheduler.o
                0x00000000080015a4                SCH_Delete_Task
 .text.SCH_Dispatch_Tasks
                0x00000000080015bc       0x84 ./Core/Src/scheduler.o
                0x00000000080015bc                SCH_Dispatch_Tasks
 .text.SCH_Update
                0x0000000008001640       0x3c ./Core/Src/scheduler.o
                0x0000000008001640                SCH_Update
 .text.HAL_MspInit
                0x000000000800167c       0x64 ./Core/Src/stm32f1xx_hal_msp.o
                0x000000000800167c                HAL_MspInit
 .text.HAL_TIM_Base_MspInit
                0x00000000080016e0       0x48 ./Core/Src/stm32f1xx_hal_msp.o
                0x00000000080016e0                HAL_TIM_Base_MspInit
 .text.HAL_UART_MspInit
                0x0000000008001728       0xa8 ./Core/Src/stm32f1xx_hal_msp.o
                0x0000000008001728                HAL_UART_MspInit
 .text.NMI_Handler
                0x00000000080017d0        0x6 ./Core/Src/stm32f1xx_it.o
                0x00000000080017d0                NMI_Handler
 .text.HardFault_Handler
                0x00000000080017d6        0x6 ./Core/Src/stm32f1xx_it.o
                0x00000000080017d6                HardFault_Handler
 .text.MemManage_Handler
                0x00000000080017dc        0x6 ./Core/Src/stm32f1xx_it.o
                0x00000000080017dc                MemManage_Handler
 .text.BusFault_Handler
                0x00000000080017e2        0x6 ./Core/Src/stm32f1xx_it.o
                0x00000000080017e2                BusFault_Handler
 .text.UsageFault_Handler
                0x00000000080017e8        0x6 ./Core/Src/stm32f1xx_it.o
                0x00000000080017e8                UsageFault_Handler
 .text.SVC_Handler
                0x00000000080017ee        0xc ./Core/Src/stm32f1xx_it.o
                0x00000000080017ee                SVC_Handler
 .text.DebugMon_Handler
                0x00000000080017fa        0xc ./Core/Src/stm32f1xx_it.o
                0x00000000080017fa                DebugMon_Handler
 .text.PendSV_Handler
                0x0000000008001806        0xc ./Core/Src/stm32f1xx_it.o
                0x0000000008001806                PendSV_Handler
 .text.SysTick_Handler
                0x0000000008001812        0xc ./Core/Src/stm32f1xx_it.o
                0x0000000008001812                SysTick_Handler
 *fill*         0x000000000800181e        0x2 
 .text.TIM2_IRQHandler
                0x0000000008001820       0x14 ./Core/Src/stm32f1xx_it.o
                0x0000000008001820                TIM2_IRQHandler
 .text.USART1_IRQHandler
                0x0000000008001834       0x14 ./Core/Src/stm32f1xx_it.o
                0x0000000008001834                USART1_IRQHandler
 .text._sbrk    0x0000000008001848       0x6c ./Core/Src/sysmem.o
                0x0000000008001848                _sbrk
 .text.SystemInit
                0x00000000080018b4        0xc ./Core/Src/system_stm32f1xx.o
                0x00000000080018b4                SystemInit
 .text.Reset_Handler
                0x00000000080018c0       0x48 ./Core/Startup/startup_stm32f103c6ux.o
                0x00000000080018c0                Reset_Handler
 .text.Default_Handler
                0x0000000008001908        0x2 ./Core/Startup/startup_stm32f103c6ux.o
                0x0000000008001908                RTC_Alarm_IRQHandler
                0x0000000008001908                EXTI2_IRQHandler
                0x0000000008001908                TIM1_CC_IRQHandler
                0x0000000008001908                PVD_IRQHandler
                0x0000000008001908                EXTI3_IRQHandler
                0x0000000008001908                EXTI0_IRQHandler
                0x0000000008001908                ADC1_2_IRQHandler
                0x0000000008001908                SPI1_IRQHandler
                0x0000000008001908                TAMPER_IRQHandler
                0x0000000008001908                DMA1_Channel4_IRQHandler
                0x0000000008001908                RTC_IRQHandler
                0x0000000008001908                DMA1_Channel7_IRQHandler
                0x0000000008001908                CAN1_RX1_IRQHandler
                0x0000000008001908                I2C1_EV_IRQHandler
                0x0000000008001908                DMA1_Channel6_IRQHandler
                0x0000000008001908                TIM3_IRQHandler
                0x0000000008001908                RCC_IRQHandler
                0x0000000008001908                TIM1_TRG_COM_IRQHandler
                0x0000000008001908                DMA1_Channel1_IRQHandler
                0x0000000008001908                Default_Handler
                0x0000000008001908                EXTI15_10_IRQHandler
                0x0000000008001908                EXTI9_5_IRQHandler
                0x0000000008001908                DMA1_Channel5_IRQHandler
                0x0000000008001908                EXTI4_IRQHandler
                0x0000000008001908                USB_LP_CAN1_RX0_IRQHandler
                0x0000000008001908                USB_HP_CAN1_TX_IRQHandler
                0x0000000008001908                DMA1_Channel3_IRQHandler
                0x0000000008001908                TIM1_UP_IRQHandler
                0x0000000008001908                WWDG_IRQHandler
                0x0000000008001908                TIM1_BRK_IRQHandler
                0x0000000008001908                EXTI1_IRQHandler
                0x0000000008001908                USART2_IRQHandler
                0x0000000008001908                DMA1_Channel2_IRQHandler
                0x0000000008001908                CAN1_SCE_IRQHandler
                0x0000000008001908                FLASH_IRQHandler
                0x0000000008001908                I2C1_ER_IRQHandler
                0x0000000008001908                USBWakeUp_IRQHandler
 *fill*         0x000000000800190a        0x2 
 .text.HAL_Init
                0x000000000800190c       0x2c ./Drivers/STM32F1xx_HAL_Driver/Src/stm32f1xx_hal.o
                0x000000000800190c                HAL_Init
 .text.HAL_InitTick
                0x0000000008001938       0x60 ./Drivers/STM32F1xx_HAL_Driver/Src/stm32f1xx_hal.o
                0x0000000008001938                HAL_InitTick
 .text.HAL_IncTick
                0x0000000008001998       0x24 ./Drivers/STM32F1xx_HAL_Driver/Src/stm32f1xx_hal.o
                0x0000000008001998                HAL_IncTick
 .text.HAL_GetTick
                0x00000000080019bc       0x14 ./Drivers/STM32F1xx_HAL_Driver/Src/stm32f1xx_hal.o
                0x00000000080019bc                HAL_GetTick
 .text.__NVIC_SetPriorityGrouping
                0x00000000080019d0       0x48 ./Drivers/STM32F1xx_HAL_Driver/Src/stm32f1xx_hal_cortex.o
 .text.__NVIC_GetPriorityGrouping
                0x0000000008001a18       0x1c ./Drivers/STM32F1xx_HAL_Driver/Src/stm32f1xx_hal_cortex.o
 .text.__NVIC_EnableIRQ
                0x0000000008001a34       0x38 ./Drivers/STM32F1xx_HAL_Driver/Src/stm32f1xx_hal_cortex.o
 .text.__NVIC_SetPriority
                0x0000000008001a6c       0x54 ./Drivers/STM32F1xx_HAL_Driver/Src/stm32f1xx_hal_cortex.o
 .text.NVIC_EncodePriority
                0x0000000008001ac0       0x64 ./Drivers/STM32F1xx_HAL_Driver/Src/stm32f1xx_hal_cortex.o
 .text.SysTick_Config
                0x0000000008001b24       0x44 ./Drivers/STM32F1xx_HAL_Driver/Src/stm32f1xx_hal_cortex.o
 .text.HAL_NVIC_SetPriorityGrouping
                0x0000000008001b68       0x16 ./Drivers/STM32F1xx_HAL_Driver/Src/stm32f1xx_hal_cortex.o
                0x0000000008001b68                HAL_NVIC_SetPriorityGrouping
 .text.HAL_NVIC_SetPriority
                0x0000000008001b7e       0x38 ./Drivers/STM32F1xx_HAL_Driver/Src/stm32f1xx_hal_cortex.o
                0x0000000008001b7e                HAL_NVIC_SetPriority
 .text.HAL_NVIC_EnableIRQ
                0x0000000008001bb6       0x1c ./Drivers/STM32F1xx_HAL_Driver/Src/stm32f1xx_hal_cortex.o
                0x0000000008001bb6                HAL_NVIC_EnableIRQ
 .text.HAL_SYSTICK_Config
                0x0000000008001bd2       0x18 ./Drivers/STM32F1xx_HAL_Driver/Src/stm32f1xx_hal_cortex.o
                0x0000000008001bd2                HAL_SYSTICK_Config
 .text.HAL_DMA_Abort
                0x0000000008001bea       0x76 ./Drivers/STM32F1xx_HAL_Driver/Src/stm32f1xx_hal_dma.o
                0x0000000008001bea                HAL_DMA_Abort
 .text.HAL_DMA_Abort_IT
                0x0000000008001c60       0xf0 ./Drivers/STM32F1xx_HAL_Driver/Src/stm32f1xx_hal_dma.o
                0x0000000008001c60                HAL_DMA_Abort_IT
 .text.HAL_GPIO_Init
                0x0000000008001d50      0x2f4 ./Drivers/STM32F1xx_HAL_Driver/Src/stm32f1xx_hal_gpio.o
                0x0000000008001d50                HAL_GPIO_Init
 .text.HAL_GPIO_ReadPin
                0x0000000008002044       0x2e ./Drivers/STM32F1xx_HAL_Driver/Src/stm32f1xx_hal_gpio.o
                0x0000000008002044                HAL_GPIO_ReadPin
 .text.HAL_GPIO_WritePin
                0x0000000008002072       0x30 ./Drivers/STM32F1xx_HAL_Driver/Src/stm32f1xx_hal_gpio.o
                0x0000000008002072                HAL_GPIO_WritePin
 *fill*         0x00000000080020a2        0x2 
 .text.HAL_PWR_EnterSLEEPMode
                0x00000000080020a4       0x38 ./Drivers/STM32F1xx_HAL_Driver/Src/stm32f1xx_hal_pwr.o
                0x00000000080020a4                HAL_PWR_EnterSLEEPMode
 .text.HAL_RCC_OscConfig
                0x00000000080020dc      0x500 ./Drivers/STM32F1xx_HAL_Driver/Src/stm32f1xx_hal_rcc.o
                0x00000000080020dc                HAL_RCC_OscConfig
 .text.HAL_RCC_ClockConfig
                0x00000000080025dc      0x1d4 ./Drivers/STM32F1xx_HAL_Driver/Src/stm32f1xx_hal_rcc.o
                0x00000000080025dc                HAL_RCC_ClockConfig
 .text.HAL_RCC_GetSysClockFreq
                0x00000000080027b0       0xa8 ./Drivers/STM32F1xx_HAL_Driver/Src/stm32f1xx_hal_rcc.o
                0x00000000080027b0                HAL_RCC_GetSysClockFreq
 .text.HAL_RCC_GetHCLKFreq
                0x0000000008002858       0x14 ./Drivers/STM32F1xx_HAL_Driver/Src/stm32f1xx_hal_rcc.o
                0x0000000008002858                HAL_RCC_GetHCLKFreq
 .text.HAL_RCC_GetPCLK1Freq
                0x000000000800286c       0x28 ./Drivers/STM32F1xx_HAL_Driver/Src/stm32f1xx_hal_rcc.o
                0x000000000800286c                HAL_RCC_GetPCLK1Freq
 .text.HAL_RCC_GetPCLK2Freq
                0x0000000008002894       0x28 ./Drivers/STM32F1xx_HAL_Driver/Src/stm32f1xx_hal_rcc.o
                0x0000000008002894                HAL_RCC_GetPCLK2Freq
 .text.RCC_Delay
                0x00000000080028bc       0x3c ./Drivers/STM32F1xx_HAL_Driver/Src/stm32f1xx_hal_rcc.o
 .text.HAL_TIM_Base_Init
                0x00000000080028f8       0x9e ./Drivers/STM32F1xx_HAL_Driver/Src/stm32f1xx_hal_tim.o
                0x00000000080028f8                HAL_TIM_Base_Init
 *fill*         0x0000000008002996        0x2 
 .text.HAL_TIM_Base_Start_IT
                0x0000000008002998       0x98 ./Drivers/STM32F1xx_HAL_Driver/Src/stm32f1xx_hal_tim.o
                0x0000000008002998                HAL_TIM_Base_Start_IT
 .text.HAL_TIM_IRQHandler
                0x0000000008002a30      0x210 ./Drivers/STM32F1xx_HAL_Driver/Src/stm32f1xx_hal_tim.o
                0x0000000008002a30                HAL_TIM_IRQHandler
 .text.HAL_TIM_ConfigClockSource
                0x0000000008002c40      0x18e ./Drivers/STM32F1xx_HAL_Driver/Src/stm32f1xx_hal_tim.o
                0x0000000008002c40                HAL_TIM_ConfigClockSource
 .text.HAL_TIM_OC_DelayElapsedCallback
                0x0000000008002dce       0x12 ./Drivers/STM32F1xx_HAL_Driver/Src/stm32f1xx_hal_tim.o
                0x0000000008002dce                HAL_TIM_OC_DelayElapsedCallback
 .text.HAL_TIM_IC_CaptureCallback
                0x0000000008002de0       0x12 ./Drivers/STM32F1xx_HAL_Driver/Src/stm32f1xx_hal_tim.o
                0x0000000008002de0                HAL_TIM_IC_CaptureCallback
 .text.HAL_TIM_PWM_PulseFinishedCallback
                0x0000000008002df2       0x12 ./Drivers/STM32F1xx_HAL_Driver/Src/stm32f1xx_hal_tim.o
                0x0000000008002df2                HAL_TIM_PWM_PulseFinishedCallback
 .text.HAL_TIM_TriggerCallback
                0x0000000008002e04       0x12 ./Drivers/STM32F1xx_HAL_Driver/Src/stm32f1xx_hal_tim.o
                0x0000000008002e04                HAL_TIM_TriggerCallback
 *fill*         0x0000000008002e16        0x2 
 .text.TIM_Base_SetConfig
                0x0000000008002e18       0xb0 ./Drivers/STM32F1xx_HAL_Driver/Src/stm32f1xx_hal_tim.o
                0x0000000008002e18                TIM_Base_SetConfig
 .text.TIM_TI1_ConfigInputStage
                0x0000000008002ec8       0x5c ./Drivers/STM32F1xx_HAL_Driver/Src/stm32f1xx_hal_tim.o
 .text.TIM_TI2_ConfigInputStage
                0x0000000008002f24       0x5e ./Drivers/STM32F1xx_HAL_Driver/Src/stm32f1xx_hal_tim.o
 .text.TIM_ITRx_SetConfig
                0x0000000008002f82       0x34 ./Drivers/STM32F1xx_HAL_Driver/Src/stm32f1xx_hal_tim.o
 .text.TIM_ETR_SetConfig
                0x0000000008002fb6       0x3e ./Drivers/STM32F1xx_HAL_Driver/Src/stm32f1xx_hal_tim.o
                0x0000000008002fb6                TIM_ETR_SetConfig
 .text.HAL_TIMEx_MasterConfigSynchronization
                0x0000000008002ff4       0xb0 ./Drivers/STM32F1xx_HAL_Driver/Src/stm32f1xx_hal_tim_ex.o
                0x0000000008002ff4                HAL_TIMEx_MasterConfigSynchronization
 .text.HAL_TIMEx_CommutCallback
                0x00000000080030a4       0x12 ./Drivers/STM32F1xx_HAL_Driver/Src/stm32f1xx_hal_tim_ex.o
                0x00000000080030a4                HAL_TIMEx_CommutCallback
 .text.HAL_TIMEx_BreakCallback
                0x00000000080030b6       0x12 ./Drivers/STM32F1xx_HAL_Driver/Src/stm32f1xx_hal_tim_ex.o
                0x00000000080030b6                HAL_TIMEx_BreakCallback
 .text.HAL_UART_Init
                0x00000000080030c8       0xa0 ./Drivers/STM32F1xx_HAL_Driver/Src/stm32f1xx_hal_uart.o
                0x00000000080030c8                HAL_UART_Init
 .text.HAL_UART_Transmit
                0x0000000008003168      0x106 ./Drivers/STM32F1xx_HAL_Driver/Src/stm32f1xx_hal_uart.o
                0x0000000008003168                HAL_UART_Transmit
 *fill*         0x000000000800326e        0x2 
 .text.HAL_UART_IRQHandler
                0x0000000008003270      0x524 ./Drivers/STM32F1xx_HAL_Driver/Src/stm32f1xx_hal_uart.o
                0x0000000008003270                HAL_UART_IRQHandler
 .text.HAL_UART_TxCpltCallback
                0x0000000008003794       0x12 ./Drivers/STM32F1xx_HAL_Driver/Src/stm32f1xx_hal_uart.o
                0x0000000008003794                HAL_UART_TxCpltCallback
 .text.HAL_UART_RxCpltCallback
                0x00000000080037a6       0x12 ./Drivers/STM32F1xx_HAL_Driver/Src/stm32f1xx_hal_uart.o
                0x00000000080037a6                HAL_UART_RxCpltCallback
 .text.HAL_UART_ErrorCallback
                0x00000000080037b8       0x12 ./Drivers/STM32F1xx_HAL_Driver/Src/stm32f1xx_hal_uart.o
                0x00000000080037b8                HAL_UART_ErrorCallback
 .text.HAL_UARTEx_RxEventCallback
                0x00000000080037ca       0x16 ./Drivers/STM32F1xx_HAL_Driver/Src/stm32f1xx_hal_uart.o
                0x00000000080037ca                HAL_UARTEx_RxEventCallback
 .text.UART_WaitOnFlagUntilTimeout
                0x00000000080037e0       0xdc ./Drivers/STM32F1xx_HAL_Driver/Src/stm32f1xx_hal_uart.o
 .text.UART_EndRxTransfer
                0x00000000080038bc       0xc4 ./Drivers/STM32F1xx_HAL_Driver/Src/stm32f1xx_hal_uart.o
 .text.UART_DMAAbortOnError
                0x0000000008003980       0x28 ./Drivers/STM32F1xx_HAL_Driver/Src/stm32f1xx_hal_uart.o
 .text.UART_Transmit_IT
                0x00000000080039a8       0x9e ./Drivers/STM32F1xx_HAL_Driver/Src/stm32f1xx_hal_uart.o
 .text.UART_EndTransmit_IT
                0x0000000008003a46       0x30 ./Drivers/STM32F1xx_HAL_Driver/Src/stm32f1xx_hal_uart.o
 .text.UART_Receive_IT
                0x0000000008003a76      0x17c ./Drivers/STM32F1xx_HAL_Driver/Src/stm32f1xx_hal_uart.o
 *fill*         0x0000000008003bf2        0x2 
 .text.UART_SetConfig
                0x0000000008003bf4      0x11c ./Drivers/STM32F1xx_HAL_Driver/Src/stm32f1xx_hal_uart.o
 .text.__errno  0x0000000008003d10        0xc c:/st/stm32cubeide_1.7.0/stm32cubeide/plugins/com.st.stm32cube.ide.mcu.externaltools.gnu-tools-for-stm32.9-2020-q2-update.win32_2.0.0.202105311346/tools/bin/../lib/gcc/arm-none-eabi/9.3.1/../../../../arm-none-eabi/lib/thumb/v7-m/nofp\libc_nano.a(lib_a-errno.o)
                0x0000000008003d10                __errno
 .text.__libc_init_array
                0x0000000008003d1c       0x48 c:/st/stm32cubeide_1.7.0/stm32cubeide/plugins/com.st.stm32cube.ide.mcu.externaltools.gnu-tools-for-stm32.9-2020-q2-update.win32_2.0.0.202105311346/tools/bin/../lib/gcc/arm-none-eabi/9.3.1/../../../../arm-none-eabi/lib/thumb/v7-m/nofp\libc_nano.a(lib_a-init.o)
                0x0000000008003d1c                __libc_init_array
 .text.malloc   0x0000000008003d64       0x10 c:/st/stm32cubeide_1.7.0/stm32cubeide/plugins/com.st.stm32cube.ide.mcu.externaltools.gnu-tools-for-stm32.9-2020-q2-update.win32_2.0.0.202105311346/tools/bin/../lib/gcc/arm-none-eabi/9.3.1/../../../../arm-none-eabi/lib/thumb/v7-m/nofp\libc_nano.a(lib_a-malloc.o)
                0x0000000008003d64                malloc
 .text.free     0x0000000008003d74       0x10 c:/st/stm32cubeide_1.7.0/stm32cubeide/plugins/com.st.stm32cube.ide.mcu.externaltools.gnu-tools-for-stm32.9-2020-q2-update.win32_2.0.0.202105311346/tools/bin/../lib/gcc/arm-none-eabi/9.3.1/../../../../arm-none-eabi/lib/thumb/v7-m/nofp\libc_nano.a(lib_a-malloc.o)
                0x0000000008003d74                free
 .text.memset   0x0000000008003d84       0x10 c:/st/stm32cubeide_1.7.0/stm32cubeide/plugins/com.st.stm32cube.ide.mcu.externaltools.gnu-tools-for-stm32.9-2020-q2-update.win32_2.0.0.202105311346/tools/bin/../lib/gcc/arm-none-eabi/9.3.1/../../../../arm-none-eabi/lib/thumb/v7-m/nofp\libc_nano.a(lib_a-memset.o)
                0x0000000008003d84                memset
 .text._free_r  0x0000000008003d94       0x98 c:/st/stm32cubeide_1.7.0/stm32cubeide/plugins/com.st.stm32cube.ide.mcu.externaltools.gnu-tools-for-stm32.9-2020-q2-update.win32_2.0.0.202105311346/tools/bin/../lib/gcc/arm-none-eabi/9.3.1/../../../../arm-none-eabi/lib/thumb/v7-m/nofp\libc_nano.a(lib_a-nano-freer.o)
                0x0000000008003d94                _free_r
 .text._malloc_r
                0x0000000008003e2c       0xb4 c:/st/stm32cubeide_1.7.0/stm32cubeide/plugins/com.st.stm32cube.ide.mcu.externaltools.gnu-tools-for-stm32.9-2020-q2-update.win32_2.0.0.202105311346/tools/bin/../lib/gcc/arm-none-eabi/9.3.1/../../../../arm-none-eabi/lib/thumb/v7-m/nofp\libc_nano.a(lib_a-nano-mallocr.o)
                0x0000000008003e2c                _malloc_r
 .text._sbrk_r  0x0000000008003ee0       0x20 c:/st/stm32cubeide_1.7.0/stm32cubeide/plugins/com.st.stm32cube.ide.mcu.externaltools.gnu-tools-for-stm32.9-2020-q2-update.win32_2.0.0.202105311346/tools/bin/../lib/gcc/arm-none-eabi/9.3.1/../../../../arm-none-eabi/lib/thumb/v7-m/nofp\libc_nano.a(lib_a-sbrkr.o)
                0x0000000008003ee0                _sbrk_r
 .text.sprintf  0x0000000008003f00       0x40 c:/st/stm32cubeide_1.7.0/stm32cubeide/plugins/com.st.stm32cube.ide.mcu.externaltools.gnu-tools-for-stm32.9-2020-q2-update.win32_2.0.0.202105311346/tools/bin/../lib/gcc/arm-none-eabi/9.3.1/../../../../arm-none-eabi/lib/thumb/v7-m/nofp\libc_nano.a(lib_a-sprintf.o)
                0x0000000008003f00                siprintf
                0x0000000008003f00                sprintf
 .text.__malloc_lock
                0x0000000008003f40        0xc c:/st/stm32cubeide_1.7.0/stm32cubeide/plugins/com.st.stm32cube.ide.mcu.externaltools.gnu-tools-for-stm32.9-2020-q2-update.win32_2.0.0.202105311346/tools/bin/../lib/gcc/arm-none-eabi/9.3.1/../../../../arm-none-eabi/lib/thumb/v7-m/nofp\libc_nano.a(lib_a-mlock.o)
                0x0000000008003f40                __malloc_lock
 .text.__malloc_unlock
                0x0000000008003f4c        0xc c:/st/stm32cubeide_1.7.0/stm32cubeide/plugins/com.st.stm32cube.ide.mcu.externaltools.gnu-tools-for-stm32.9-2020-q2-update.win32_2.0.0.202105311346/tools/bin/../lib/gcc/arm-none-eabi/9.3.1/../../../../arm-none-eabi/lib/thumb/v7-m/nofp\libc_nano.a(lib_a-mlock.o)
                0x0000000008003f4c                __malloc_unlock
 .text.__ssputs_r
                0x0000000008003f58       0xb6 c:/st/stm32cubeide_1.7.0/stm32cubeide/plugins/com.st.stm32cube.ide.mcu.externaltools.gnu-tools-for-stm32.9-2020-q2-update.win32_2.0.0.202105311346/tools/bin/../lib/gcc/arm-none-eabi/9.3.1/../../../../arm-none-eabi/lib/thumb/v7-m/nofp\libc_nano.a(lib_a-nano-svfprintf.o)
                0x0000000008003f58                __ssputs_r
 *fill*         0x000000000800400e        0x2 
 .text._svfprintf_r
                0x0000000008004010      0x200 c:/st/stm32cubeide_1.7.0/stm32cubeide/plugins/com.st.stm32cube.ide.mcu.externaltools.gnu-tools-for-stm32.9-2020-q2-update.win32_2.0.0.202105311346/tools/bin/../lib/gcc/arm-none-eabi/9.3.1/../../../../arm-none-eabi/lib/thumb/v7-m/nofp\libc_nano.a(lib_a-nano-svfprintf.o)
                0x0000000008004010                _svfiprintf_r
                0x0000000008004010                _svfprintf_r
 .text._printf_common
                0x0000000008004210       0xde c:/st/stm32cubeide_1.7.0/stm32cubeide/plugins/com.st.stm32cube.ide.mcu.externaltools.gnu-tools-for-stm32.9-2020-q2-update.win32_2.0.0.202105311346/tools/bin/../lib/gcc/arm-none-eabi/9.3.1/../../../../arm-none-eabi/lib/thumb/v7-m/nofp\libc_nano.a(lib_a-nano-vfprintf_i.o)
                0x0000000008004210                _printf_common
 *fill*         0x00000000080042ee        0x2 
 .text._printf_i
                0x00000000080042f0      0x24c c:/st/stm32cubeide_1.7.0/stm32cubeide/plugins/com.st.stm32cube.ide.mcu.externaltools.gnu-tools-for-stm32.9-2020-q2-update.win32_2.0.0.202105311346/tools/bin/../lib/gcc/arm-none-eabi/9.3.1/../../../../arm-none-eabi/lib/thumb/v7-m/nofp\libc_nano.a(lib_a-nano-vfprintf_i.o)
                0x00000000080042f0                _printf_i
 .text.__retarget_lock_acquire_recursive
                0x000000000800453c        0x2 c:/st/stm32cubeide_1.7.0/stm32cubeide/plugins/com.st.stm32cube.ide.mcu.externaltools.gnu-tools-for-stm32.9-2020-q2-update.win32_2.0.0.202105311346/tools/bin/../lib/gcc/arm-none-eabi/9.3.1/../../../../arm-none-eabi/lib/thumb/v7-m/nofp\libc_nano.a(lib_a-lock.o)
                0x000000000800453c                __retarget_lock_acquire_recursive
 .text.__retarget_lock_release_recursive
                0x000000000800453e        0x2 c:/st/stm32cubeide_1.7.0/stm32cubeide/plugins/com.st.stm32cube.ide.mcu.externaltools.gnu-tools-for-stm32.9-2020-q2-update.win32_2.0.0.202105311346/tools/bin/../lib/gcc/arm-none-eabi/9.3.1/../../../../arm-none-eabi/lib/thumb/v7-m/nofp\libc_nano.a(lib_a-lock.o)
                0x000000000800453e                __retarget_lock_release_recursive
 .text.memchr   0x0000000008004540       0x1c c:/st/stm32cubeide_1.7.0/stm32cubeide/plugins/com.st.stm32cube.ide.mcu.externaltools.gnu-tools-for-stm32.9-2020-q2-update.win32_2.0.0.202105311346/tools/bin/../lib/gcc/arm-none-eabi/9.3.1/../../../../arm-none-eabi/lib/thumb/v7-m/nofp\libc_nano.a(lib_a-memchr-stub.o)
                0x0000000008004540                memchr
 .text.memcpy   0x000000000800455c       0x1c c:/st/stm32cubeide_1.7.0/stm32cubeide/plugins/com.st.stm32cube.ide.mcu.externaltools.gnu-tools-for-stm32.9-2020-q2-update.win32_2.0.0.202105311346/tools/bin/../lib/gcc/arm-none-eabi/9.3.1/../../../../arm-none-eabi/lib/thumb/v7-m/nofp\libc_nano.a(lib_a-memcpy-stub.o)
                0x000000000800455c                memcpy
 .text.memmove  0x0000000008004578       0x34 c:/st/stm32cubeide_1.7.0/stm32cubeide/plugins/com.st.stm32cube.ide.mcu.externaltools.gnu-tools-for-stm32.9-2020-q2-update.win32_2.0.0.202105311346/tools/bin/../lib/gcc/arm-none-eabi/9.3.1/../../../../arm-none-eabi/lib/thumb/v7-m/nofp\libc_nano.a(lib_a-memmove.o)
                0x0000000008004578                memmove
 .text._realloc_r
                0x00000000080045ac       0x4c c:/st/stm32cubeide_1.7.0/stm32cubeide/plugins/com.st.stm32cube.ide.mcu.externaltools.gnu-tools-for-stm32.9-2020-q2-update.win32_2.0.0.202105311346/tools/bin/../lib/gcc/arm-none-eabi/9.3.1/../../../../arm-none-eabi/lib/thumb/v7-m/nofp\libc_nano.a(lib_a-nano-reallocr.o)
                0x00000000080045ac                _realloc_r
 .text._malloc_usable_size_r
                0x00000000080045f8       0x10 c:/st/stm32cubeide_1.7.0/stm32cubeide/plugins/com.st.stm32cube.ide.mcu.externaltools.gnu-tools-for-stm32.9-2020-q2-update.win32_2.0.0.202105311346/tools/bin/../lib/gcc/arm-none-eabi/9.3.1/../../../../arm-none-eabi/lib/thumb/v7-m/nofp\libc_nano.a(lib_a-nano-msizer.o)
                0x00000000080045f8                _malloc_usable_size_r
 *(.glue_7)
 .glue_7        0x0000000008004608        0x0 linker stubs
 *(.glue_7t)
 .glue_7t       0x0000000008004608        0x0 linker stubs
 *(.eh_frame)
 .eh_frame      0x0000000008004608        0x0 c:/st/stm32cubeide_1.7.0/stm32cubeide/plugins/com.st.stm32cube.ide.mcu.externaltools.gnu-tools-for-stm32.9-2020-q2-update.win32_2.0.0.202105311346/tools/bin/../lib/gcc/arm-none-eabi/9.3.1/thumb/v7-m/nofp/crtbegin.o
 *(.init)
 .init          0x0000000008004608        0x4 c:/st/stm32cubeide_1.7.0/stm32cubeide/plugins/com.st.stm32cube.ide.mcu.externaltools.gnu-tools-for-stm32.9-2020-q2-update.win32_2.0.0.202105311346/tools/bin/../lib/gcc/arm-none-eabi/9.3.1/thumb/v7-m/nofp/crti.o
                0x0000000008004608                _init
 .init          0x000000000800460c        0x8 c:/st/stm32cubeide_1.7.0/stm32cubeide/plugins/com.st.stm32cube.ide.mcu.externaltools.gnu-tools-for-stm32.9-2020-q2-update.win32_2.0.0.202105311346/tools/bin/../lib/gcc/arm-none-eabi/9.3.1/thumb/v7-m/nofp/crtn.o
 *(.fini)
 .fini          0x0000000008004614        0x4 c:/st/stm32cubeide_1.7.0/stm32cubeide/plugins/com.st.stm32cube.ide.mcu.externaltools.gnu-tools-for-stm32.9-2020-q2-update.win32_2.0.0.202105311346/tools/bin/../lib/gcc/arm-none-eabi/9.3.1/thumb/v7-m/nofp/crti.o
                0x0000000008004614                _fini
 .fini          0x0000000008004618        0x8 c:/st/stm32cubeide_1.7.0/stm32cubeide/plugins/com.st.stm32cube.ide.mcu.externaltools.gnu-tools-for-stm32.9-2020-q2-update.win32_2.0.0.202105311346/tools/bin/../lib/gcc/arm-none-eabi/9.3.1/thumb/v7-m/nofp/crtn.o
                0x0000000008004620                . = ALIGN (0x4)
                0x0000000008004620                _etext = .

.vfp11_veneer   0x0000000008004620        0x0
 .vfp11_veneer  0x0000000008004620        0x0 linker stubs

.v4_bx          0x0000000008004620        0x0
 .v4_bx         0x0000000008004620        0x0 linker stubs

.iplt           0x0000000008004620        0x0
 .iplt          0x0000000008004620        0x0 c:/st/stm32cubeide_1.7.0/stm32cubeide/plugins/com.st.stm32cube.ide.mcu.externaltools.gnu-tools-for-stm32.9-2020-q2-update.win32_2.0.0.202105311346/tools/bin/../lib/gcc/arm-none-eabi/9.3.1/thumb/v7-m/nofp/crtbegin.o

.rodata         0x0000000008004620       0x8c
                0x0000000008004620                . = ALIGN (0x4)
 *(.rodata)
 .rodata        0x0000000008004620       0x29 ./Core/Src/scheduler.o
 *(.rodata*)
 *fill*         0x0000000008004649        0x3 
 .rodata.AHBPrescTable
                0x000000000800464c       0x10 ./Core/Src/system_stm32f1xx.o
                0x000000000800464c                AHBPrescTable
 .rodata.APBPrescTable
                0x000000000800465c        0x8 ./Core/Src/system_stm32f1xx.o
                0x000000000800465c                APBPrescTable
 .rodata.aPLLMULFactorTable.6191
                0x0000000008004664       0x10 ./Drivers/STM32F1xx_HAL_Driver/Src/stm32f1xx_hal_rcc.o
 .rodata.aPredivFactorTable.6192
                0x0000000008004674        0x2 ./Drivers/STM32F1xx_HAL_Driver/Src/stm32f1xx_hal_rcc.o
 .rodata._svfprintf_r.str1.1
                0x0000000008004676       0x11 c:/st/stm32cubeide_1.7.0/stm32cubeide/plugins/com.st.stm32cube.ide.mcu.externaltools.gnu-tools-for-stm32.9-2020-q2-update.win32_2.0.0.202105311346/tools/bin/../lib/gcc/arm-none-eabi/9.3.1/../../../../arm-none-eabi/lib/thumb/v7-m/nofp\libc_nano.a(lib_a-nano-svfprintf.o)
 .rodata._printf_i.str1.1
                0x0000000008004687       0x22 c:/st/stm32cubeide_1.7.0/stm32cubeide/plugins/com.st.stm32cube.ide.mcu.externaltools.gnu-tools-for-stm32.9-2020-q2-update.win32_2.0.0.202105311346/tools/bin/../lib/gcc/arm-none-eabi/9.3.1/../../../../arm-none-eabi/lib/thumb/v7-m/nofp\libc_nano.a(lib_a-nano-vfprintf_i.o)
                0x00000000080046ac                . = ALIGN (0x4)
 *fill*         0x00000000080046a9        0x3 

.rel.dyn        0x00000000080046ac        0x0
 .rel.iplt      0x00000000080046ac        0x0 c:/st/stm32cubeide_1.7.0/stm32cubeide/plugins/com.st.stm32cube.ide.mcu.externaltools.gnu-tools-for-stm32.9-2020-q2-update.win32_2.0.0.202105311346/tools/bin/../lib/gcc/arm-none-eabi/9.3.1/thumb/v7-m/nofp/crtbegin.o

.ARM.extab      0x00000000080046ac        0x0
                0x00000000080046ac                . = ALIGN (0x4)
 *(.ARM.extab* .gnu.linkonce.armextab.*)
                0x00000000080046ac                . = ALIGN (0x4)

.ARM            0x00000000080046ac        0x0
                0x00000000080046ac                . = ALIGN (0x4)
                0x00000000080046ac                __exidx_start = .
 *(.ARM.exidx*)
                0x00000000080046ac                __exidx_end = .
                0x00000000080046ac                . = ALIGN (0x4)

.preinit_array  0x00000000080046ac        0x0
                0x00000000080046ac                . = ALIGN (0x4)
                0x00000000080046ac                PROVIDE (__preinit_array_start = .)
 *(.preinit_array*)
                0x00000000080046ac                PROVIDE (__preinit_array_end = .)
                0x00000000080046ac                . = ALIGN (0x4)

.init_array     0x00000000080046ac        0x4
                0x00000000080046ac                . = ALIGN (0x4)
                0x00000000080046ac                PROVIDE (__init_array_start = .)
 *(SORT_BY_NAME(.init_array.*))
 *(.init_array*)
 .init_array    0x00000000080046ac        0x4 c:/st/stm32cubeide_1.7.0/stm32cubeide/plugins/com.st.stm32cube.ide.mcu.externaltools.gnu-tools-for-stm32.9-2020-q2-update.win32_2.0.0.202105311346/tools/bin/../lib/gcc/arm-none-eabi/9.3.1/thumb/v7-m/nofp/crtbegin.o
                0x00000000080046b0                PROVIDE (__init_array_end = .)
                0x00000000080046b0                . = ALIGN (0x4)

.fini_array     0x00000000080046b0        0x4
                0x00000000080046b0                . = ALIGN (0x4)
                [!provide]                        PROVIDE (__fini_array_start = .)
 *(SORT_BY_NAME(.fini_array.*))
 *(.fini_array*)
 .fini_array    0x00000000080046b0        0x4 c:/st/stm32cubeide_1.7.0/stm32cubeide/plugins/com.st.stm32cube.ide.mcu.externaltools.gnu-tools-for-stm32.9-2020-q2-update.win32_2.0.0.202105311346/tools/bin/../lib/gcc/arm-none-eabi/9.3.1/thumb/v7-m/nofp/crtbegin.o
                [!provide]                        PROVIDE (__fini_array_end = .)
                0x00000000080046b4                . = ALIGN (0x4)
                0x00000000080046b4                _sidata = LOADADDR (.data)

.data           0x0000000020000000       0xb4 load address 0x00000000080046b4
                0x0000000020000000                . = ALIGN (0x4)
                0x0000000020000000                _sdata = .
 *(.data)
 *(.data*)
 .data.KeyReg0  0x0000000020000000        0xc ./Core/Src/button.o
                0x0000000020000000                KeyReg0
 .data.KeyReg1  0x000000002000000c        0xc ./Core/Src/button.o
                0x000000002000000c                KeyReg1
 .data.KeyReg2  0x0000000020000018        0xc ./Core/Src/button.o
                0x0000000020000018                KeyReg2
 .data.KeyReg3  0x0000000020000024        0xc ./Core/Src/button.o
                0x0000000020000024                KeyReg3
 .data.TimeOutForKeyPress
                0x0000000020000030        0x4 ./Core/Src/button.o
                0x0000000020000030                TimeOutForKeyPress
 .data.status   0x0000000020000034        0x4 ./Core/Src/fsm_auto.o
                0x0000000020000034                status
 .data.red_time
                0x0000000020000038        0x4 ./Core/Src/fsm_auto.o
                0x0000000020000038                red_time
 .data.yellow_time
                0x000000002000003c        0x4 ./Core/Src/fsm_auto.o
                0x000000002000003c                yellow_time
 .data.green_time
                0x0000000020000040        0x4 ./Core/Src/fsm_auto.o
                0x0000000020000040                green_time
 .data.SystemCoreClock
                0x0000000020000044        0x4 ./Core/Src/system_stm32f1xx.o
                0x0000000020000044                SystemCoreClock
 .data.uwTickPrio
                0x0000000020000048        0x4 ./Drivers/STM32F1xx_HAL_Driver/Src/stm32f1xx_hal.o
                0x0000000020000048                uwTickPrio
 .data.uwTickFreq
                0x000000002000004c        0x1 ./Drivers/STM32F1xx_HAL_Driver/Src/stm32f1xx_hal.o
                0x000000002000004c                uwTickFreq
 *fill*         0x000000002000004d        0x3 
 .data._impure_ptr
                0x0000000020000050        0x4 c:/st/stm32cubeide_1.7.0/stm32cubeide/plugins/com.st.stm32cube.ide.mcu.externaltools.gnu-tools-for-stm32.9-2020-q2-update.win32_2.0.0.202105311346/tools/bin/../lib/gcc/arm-none-eabi/9.3.1/../../../../arm-none-eabi/lib/thumb/v7-m/nofp\libc_nano.a(lib_a-impure.o)
                0x0000000020000050                _impure_ptr
 .data.impure_data
                0x0000000020000054       0x60 c:/st/stm32cubeide_1.7.0/stm32cubeide/plugins/com.st.stm32cube.ide.mcu.externaltools.gnu-tools-for-stm32.9-2020-q2-update.win32_2.0.0.202105311346/tools/bin/../lib/gcc/arm-none-eabi/9.3.1/../../../../arm-none-eabi/lib/thumb/v7-m/nofp\libc_nano.a(lib_a-impure.o)
 *(.RamFunc)
 *(.RamFunc*)
                0x00000000200000b4                . = ALIGN (0x4)
                0x00000000200000b4                _edata = .

.igot.plt       0x00000000200000b4        0x0 load address 0x0000000008004768
 .igot.plt      0x00000000200000b4        0x0 c:/st/stm32cubeide_1.7.0/stm32cubeide/plugins/com.st.stm32cube.ide.mcu.externaltools.gnu-tools-for-stm32.9-2020-q2-update.win32_2.0.0.202105311346/tools/bin/../lib/gcc/arm-none-eabi/9.3.1/thumb/v7-m/nofp/crtbegin.o
                0x00000000200000b4                . = ALIGN (0x4)

.bss            0x00000000200000b4      0x13c load address 0x0000000008004768
                0x00000000200000b4                _sbss = .
                0x00000000200000b4                __bss_start__ = _sbss
 *(.bss)
 .bss           0x00000000200000b4       0x1c c:/st/stm32cubeide_1.7.0/stm32cubeide/plugins/com.st.stm32cube.ide.mcu.externaltools.gnu-tools-for-stm32.9-2020-q2-update.win32_2.0.0.202105311346/tools/bin/../lib/gcc/arm-none-eabi/9.3.1/thumb/v7-m/nofp/crtbegin.o
 *(.bss*)
 .bss.button_flag
                0x00000000200000d0       0x10 ./Core/Src/button.o
                0x00000000200000d0                button_flag
 .bss.red_time_show
                0x00000000200000e0        0x4 ./Core/Src/fsm_auto.o
                0x00000000200000e0                red_time_show
 .bss.yellow_time_show
                0x00000000200000e4        0x4 ./Core/Src/fsm_auto.o
                0x00000000200000e4                yellow_time_show
 .bss.green_time_show
                0x00000000200000e8        0x4 ./Core/Src/fsm_auto.o
                0x00000000200000e8                green_time_show
 .bss.enableChange
                0x00000000200000ec        0x4 ./Core/Src/scanLed.o
                0x00000000200000ec                enableChange
 .bss.timestamp
                0x00000000200000f0        0x4 ./Core/Src/scheduler.o
                0x00000000200000f0                timestamp
 .bss.taskid    0x00000000200000f4        0x4 ./Core/Src/scheduler.o
                0x00000000200000f4                taskid
 .bss.__sbrk_heap_end
                0x00000000200000f8        0x4 ./Core/Src/sysmem.o
 .bss.__malloc_free_list
                0x00000000200000fc        0x4 c:/st/stm32cubeide_1.7.0/stm32cubeide/plugins/com.st.stm32cube.ide.mcu.externaltools.gnu-tools-for-stm32.9-2020-q2-update.win32_2.0.0.202105311346/tools/bin/../lib/gcc/arm-none-eabi/9.3.1/../../../../arm-none-eabi/lib/thumb/v7-m/nofp\libc_nano.a(lib_a-nano-mallocr.o)
                0x00000000200000fc                __malloc_free_list
 .bss.__malloc_sbrk_start
                0x0000000020000100        0x4 c:/st/stm32cubeide_1.7.0/stm32cubeide/plugins/com.st.stm32cube.ide.mcu.externaltools.gnu-tools-for-stm32.9-2020-q2-update.win32_2.0.0.202105311346/tools/bin/../lib/gcc/arm-none-eabi/9.3.1/../../../../arm-none-eabi/lib/thumb/v7-m/nofp\libc_nano.a(lib_a-nano-mallocr.o)
                0x0000000020000100                __malloc_sbrk_start
 *(COMMON)
 COMMON         0x0000000020000104        0xc ./Core/Src/fsm_manual.o
                0x0000000020000104                yellow_time_tmp
                0x0000000020000108                green_time_tmp
                0x000000002000010c                red_time_tmp
 COMMON         0x0000000020000110       0x90 ./Core/Src/main.o
                0x0000000020000110                huart1
                0x0000000020000158                htim2
 COMMON         0x00000000200001a0       0x3a ./Core/Src/scheduler.o
                0x00000000200001a0                company
                0x00000000200001a8                str
 *fill*         0x00000000200001da        0x2 
 COMMON         0x00000000200001dc        0x4 ./Drivers/STM32F1xx_HAL_Driver/Src/stm32f1xx_hal.o
                0x00000000200001dc                uwTick
 COMMON         0x00000000200001e0        0x4 c:/st/stm32cubeide_1.7.0/stm32cubeide/plugins/com.st.stm32cube.ide.mcu.externaltools.gnu-tools-for-stm32.9-2020-q2-update.win32_2.0.0.202105311346/tools/bin/../lib/gcc/arm-none-eabi/9.3.1/../../../../arm-none-eabi/lib/thumb/v7-m/nofp\libc_nano.a(lib_a-reent.o)
                0x00000000200001e0                errno
 COMMON         0x00000000200001e4        0x9 c:/st/stm32cubeide_1.7.0/stm32cubeide/plugins/com.st.stm32cube.ide.mcu.externaltools.gnu-tools-for-stm32.9-2020-q2-update.win32_2.0.0.202105311346/tools/bin/../lib/gcc/arm-none-eabi/9.3.1/../../../../arm-none-eabi/lib/thumb/v7-m/nofp\libc_nano.a(lib_a-lock.o)
                0x00000000200001e4                __lock___atexit_recursive_mutex
                0x00000000200001e5                __lock___arc4random_mutex
                0x00000000200001e6                __lock___env_recursive_mutex
                0x00000000200001e7                __lock___sinit_recursive_mutex
                0x00000000200001e8                __lock___malloc_recursive_mutex
                0x00000000200001e9                __lock___at_quick_exit_mutex
                0x00000000200001ea                __lock___dd_hash_mutex
                0x00000000200001eb                __lock___tz_mutex
                0x00000000200001ec                __lock___sfp_recursive_mutex
                0x00000000200001f0                . = ALIGN (0x4)
 *fill*         0x00000000200001ed        0x3 
                0x00000000200001f0                _ebss = .
                0x00000000200001f0                __bss_end__ = _ebss

._user_heap_stack
                0x00000000200001f0      0x600 load address 0x0000000008004768
                0x00000000200001f0                . = ALIGN (0x8)
                [!provide]                        PROVIDE (end = .)
                0x00000000200001f0                PROVIDE (_end = .)
                0x00000000200003f0                . = (. + _Min_Heap_Size)
 *fill*         0x00000000200001f0      0x200 
                0x00000000200007f0                . = (. + _Min_Stack_Size)
 *fill*         0x00000000200003f0      0x400 
                0x00000000200007f0                . = ALIGN (0x8)

/DISCARD/
 libc.a(*)
 libm.a(*)
 libgcc.a(*)

.ARM.attributes
                0x0000000000000000       0x29
 *(.ARM.attributes)
 .ARM.attributes
                0x0000000000000000       0x1d c:/st/stm32cubeide_1.7.0/stm32cubeide/plugins/com.st.stm32cube.ide.mcu.externaltools.gnu-tools-for-stm32.9-2020-q2-update.win32_2.0.0.202105311346/tools/bin/../lib/gcc/arm-none-eabi/9.3.1/thumb/v7-m/nofp/crti.o
 .ARM.attributes
                0x000000000000001d       0x2d c:/st/stm32cubeide_1.7.0/stm32cubeide/plugins/com.st.stm32cube.ide.mcu.externaltools.gnu-tools-for-stm32.9-2020-q2-update.win32_2.0.0.202105311346/tools/bin/../lib/gcc/arm-none-eabi/9.3.1/thumb/v7-m/nofp/crtbegin.o
 .ARM.attributes
                0x000000000000004a       0x2d ./Core/Src/button.o
 .ARM.attributes
                0x0000000000000077       0x2d ./Core/Src/fsm_auto.o
 .ARM.attributes
                0x00000000000000a4       0x2d ./Core/Src/fsm_manual.o
 .ARM.attributes
                0x00000000000000d1       0x2d ./Core/Src/main.o
 .ARM.attributes
                0x00000000000000fe       0x2d ./Core/Src/scanLed.o
 .ARM.attributes
                0x000000000000012b       0x2d ./Core/Src/scheduler.o
 .ARM.attributes
                0x0000000000000158       0x2d ./Core/Src/stm32f1xx_hal_msp.o
 .ARM.attributes
                0x0000000000000185       0x2d ./Core/Src/stm32f1xx_it.o
 .ARM.attributes
                0x00000000000001b2       0x2d ./Core/Src/sysmem.o
 .ARM.attributes
                0x00000000000001df       0x2d ./Core/Src/system_stm32f1xx.o
 .ARM.attributes
                0x000000000000020c       0x21 ./Core/Startup/startup_stm32f103c6ux.o
 .ARM.attributes
                0x000000000000022d       0x2d ./Drivers/STM32F1xx_HAL_Driver/Src/stm32f1xx_hal.o
 .ARM.attributes
                0x000000000000025a       0x2d ./Drivers/STM32F1xx_HAL_Driver/Src/stm32f1xx_hal_cortex.o
 .ARM.attributes
                0x0000000000000287       0x2d ./Drivers/STM32F1xx_HAL_Driver/Src/stm32f1xx_hal_dma.o
 .ARM.attributes
                0x00000000000002b4       0x2d ./Drivers/STM32F1xx_HAL_Driver/Src/stm32f1xx_hal_gpio.o
 .ARM.attributes
                0x00000000000002e1       0x2d ./Drivers/STM32F1xx_HAL_Driver/Src/stm32f1xx_hal_pwr.o
 .ARM.attributes
                0x000000000000030e       0x2d ./Drivers/STM32F1xx_HAL_Driver/Src/stm32f1xx_hal_rcc.o
 .ARM.attributes
                0x000000000000033b       0x2d ./Drivers/STM32F1xx_HAL_Driver/Src/stm32f1xx_hal_tim.o
 .ARM.attributes
                0x0000000000000368       0x2d ./Drivers/STM32F1xx_HAL_Driver/Src/stm32f1xx_hal_tim_ex.o
 .ARM.attributes
                0x0000000000000395       0x2d ./Drivers/STM32F1xx_HAL_Driver/Src/stm32f1xx_hal_uart.o
 .ARM.attributes
                0x00000000000003c2       0x2d c:/st/stm32cubeide_1.7.0/stm32cubeide/plugins/com.st.stm32cube.ide.mcu.externaltools.gnu-tools-for-stm32.9-2020-q2-update.win32_2.0.0.202105311346/tools/bin/../lib/gcc/arm-none-eabi/9.3.1/../../../../arm-none-eabi/lib/thumb/v7-m/nofp\libc_nano.a(lib_a-errno.o)
 .ARM.attributes
                0x00000000000003ef       0x2d c:/st/stm32cubeide_1.7.0/stm32cubeide/plugins/com.st.stm32cube.ide.mcu.externaltools.gnu-tools-for-stm32.9-2020-q2-update.win32_2.0.0.202105311346/tools/bin/../lib/gcc/arm-none-eabi/9.3.1/../../../../arm-none-eabi/lib/thumb/v7-m/nofp\libc_nano.a(lib_a-impure.o)
 .ARM.attributes
                0x000000000000041c       0x2d c:/st/stm32cubeide_1.7.0/stm32cubeide/plugins/com.st.stm32cube.ide.mcu.externaltools.gnu-tools-for-stm32.9-2020-q2-update.win32_2.0.0.202105311346/tools/bin/../lib/gcc/arm-none-eabi/9.3.1/../../../../arm-none-eabi/lib/thumb/v7-m/nofp\libc_nano.a(lib_a-init.o)
 .ARM.attributes
                0x0000000000000449       0x2d c:/st/stm32cubeide_1.7.0/stm32cubeide/plugins/com.st.stm32cube.ide.mcu.externaltools.gnu-tools-for-stm32.9-2020-q2-update.win32_2.0.0.202105311346/tools/bin/../lib/gcc/arm-none-eabi/9.3.1/../../../../arm-none-eabi/lib/thumb/v7-m/nofp\libc_nano.a(lib_a-malloc.o)
 .ARM.attributes
                0x0000000000000476       0x2d c:/st/stm32cubeide_1.7.0/stm32cubeide/plugins/com.st.stm32cube.ide.mcu.externaltools.gnu-tools-for-stm32.9-2020-q2-update.win32_2.0.0.202105311346/tools/bin/../lib/gcc/arm-none-eabi/9.3.1/../../../../arm-none-eabi/lib/thumb/v7-m/nofp\libc_nano.a(lib_a-memset.o)
 .ARM.attributes
                0x00000000000004a3       0x2d c:/st/stm32cubeide_1.7.0/stm32cubeide/plugins/com.st.stm32cube.ide.mcu.externaltools.gnu-tools-for-stm32.9-2020-q2-update.win32_2.0.0.202105311346/tools/bin/../lib/gcc/arm-none-eabi/9.3.1/../../../../arm-none-eabi/lib/thumb/v7-m/nofp\libc_nano.a(lib_a-nano-freer.o)
 .ARM.attributes
                0x00000000000004d0       0x2d c:/st/stm32cubeide_1.7.0/stm32cubeide/plugins/com.st.stm32cube.ide.mcu.externaltools.gnu-tools-for-stm32.9-2020-q2-update.win32_2.0.0.202105311346/tools/bin/../lib/gcc/arm-none-eabi/9.3.1/../../../../arm-none-eabi/lib/thumb/v7-m/nofp\libc_nano.a(lib_a-nano-mallocr.o)
 .ARM.attributes
                0x00000000000004fd       0x2d c:/st/stm32cubeide_1.7.0/stm32cubeide/plugins/com.st.stm32cube.ide.mcu.externaltools.gnu-tools-for-stm32.9-2020-q2-update.win32_2.0.0.202105311346/tools/bin/../lib/gcc/arm-none-eabi/9.3.1/../../../../arm-none-eabi/lib/thumb/v7-m/nofp\libc_nano.a(lib_a-sbrkr.o)
 .ARM.attributes
                0x000000000000052a       0x2d c:/st/stm32cubeide_1.7.0/stm32cubeide/plugins/com.st.stm32cube.ide.mcu.externaltools.gnu-tools-for-stm32.9-2020-q2-update.win32_2.0.0.202105311346/tools/bin/../lib/gcc/arm-none-eabi/9.3.1/../../../../arm-none-eabi/lib/thumb/v7-m/nofp\libc_nano.a(lib_a-sprintf.o)
 .ARM.attributes
                0x0000000000000557       0x17 c:/st/stm32cubeide_1.7.0/stm32cubeide/plugins/com.st.stm32cube.ide.mcu.externaltools.gnu-tools-for-stm32.9-2020-q2-update.win32_2.0.0.202105311346/tools/bin/../lib/gcc/arm-none-eabi/9.3.1/../../../../arm-none-eabi/lib/thumb/v7-m/nofp\libc_nano.a(lib_a-strlen.o)
 .ARM.attributes
                0x000000000000056e       0x2d c:/st/stm32cubeide_1.7.0/stm32cubeide/plugins/com.st.stm32cube.ide.mcu.externaltools.gnu-tools-for-stm32.9-2020-q2-update.win32_2.0.0.202105311346/tools/bin/../lib/gcc/arm-none-eabi/9.3.1/../../../../arm-none-eabi/lib/thumb/v7-m/nofp\libc_nano.a(lib_a-mlock.o)
 .ARM.attributes
                0x000000000000059b       0x2d c:/st/stm32cubeide_1.7.0/stm32cubeide/plugins/com.st.stm32cube.ide.mcu.externaltools.gnu-tools-for-stm32.9-2020-q2-update.win32_2.0.0.202105311346/tools/bin/../lib/gcc/arm-none-eabi/9.3.1/../../../../arm-none-eabi/lib/thumb/v7-m/nofp\libc_nano.a(lib_a-nano-svfprintf.o)
 .ARM.attributes
                0x00000000000005c8       0x2d c:/st/stm32cubeide_1.7.0/stm32cubeide/plugins/com.st.stm32cube.ide.mcu.externaltools.gnu-tools-for-stm32.9-2020-q2-update.win32_2.0.0.202105311346/tools/bin/../lib/gcc/arm-none-eabi/9.3.1/../../../../arm-none-eabi/lib/thumb/v7-m/nofp\libc_nano.a(lib_a-nano-vfprintf_i.o)
 .ARM.attributes
                0x00000000000005f5       0x2d c:/st/stm32cubeide_1.7.0/stm32cubeide/plugins/com.st.stm32cube.ide.mcu.externaltools.gnu-tools-for-stm32.9-2020-q2-update.win32_2.0.0.202105311346/tools/bin/../lib/gcc/arm-none-eabi/9.3.1/../../../../arm-none-eabi/lib/thumb/v7-m/nofp\libc_nano.a(lib_a-reent.o)
 .ARM.attributes
                0x0000000000000622       0x2d c:/st/stm32cubeide_1.7.0/stm32cubeide/plugins/com.st.stm32cube.ide.mcu.externaltools.gnu-tools-for-stm32.9-2020-q2-update.win32_2.0.0.202105311346/tools/bin/../lib/gcc/arm-none-eabi/9.3.1/../../../../arm-none-eabi/lib/thumb/v7-m/nofp\libc_nano.a(lib_a-lock.o)
 .ARM.attributes
                0x000000000000064f       0x2d c:/st/stm32cubeide_1.7.0/stm32cubeide/plugins/com.st.stm32cube.ide.mcu.externaltools.gnu-tools-for-stm32.9-2020-q2-update.win32_2.0.0.202105311346/tools/bin/../lib/gcc/arm-none-eabi/9.3.1/../../../../arm-none-eabi/lib/thumb/v7-m/nofp\libc_nano.a(lib_a-memchr-stub.o)
 .ARM.attributes
                0x000000000000067c       0x2d c:/st/stm32cubeide_1.7.0/stm32cubeide/plugins/com.st.stm32cube.ide.mcu.externaltools.gnu-tools-for-stm32.9-2020-q2-update.win32_2.0.0.202105311346/tools/bin/../lib/gcc/arm-none-eabi/9.3.1/../../../../arm-none-eabi/lib/thumb/v7-m/nofp\libc_nano.a(lib_a-memcpy-stub.o)
 .ARM.attributes
                0x00000000000006a9       0x2d c:/st/stm32cubeide_1.7.0/stm32cubeide/plugins/com.st.stm32cube.ide.mcu.externaltools.gnu-tools-for-stm32.9-2020-q2-update.win32_2.0.0.202105311346/tools/bin/../lib/gcc/arm-none-eabi/9.3.1/../../../../arm-none-eabi/lib/thumb/v7-m/nofp\libc_nano.a(lib_a-memmove.o)
 .ARM.attributes
                0x00000000000006d6       0x2d c:/st/stm32cubeide_1.7.0/stm32cubeide/plugins/com.st.stm32cube.ide.mcu.externaltools.gnu-tools-for-stm32.9-2020-q2-update.win32_2.0.0.202105311346/tools/bin/../lib/gcc/arm-none-eabi/9.3.1/../../../../arm-none-eabi/lib/thumb/v7-m/nofp\libc_nano.a(lib_a-nano-reallocr.o)
 .ARM.attributes
                0x0000000000000703       0x2d c:/st/stm32cubeide_1.7.0/stm32cubeide/plugins/com.st.stm32cube.ide.mcu.externaltools.gnu-tools-for-stm32.9-2020-q2-update.win32_2.0.0.202105311346/tools/bin/../lib/gcc/arm-none-eabi/9.3.1/../../../../arm-none-eabi/lib/thumb/v7-m/nofp\libc_nano.a(lib_a-nano-msizer.o)
 .ARM.attributes
                0x0000000000000730       0x1d c:/st/stm32cubeide_1.7.0/stm32cubeide/plugins/com.st.stm32cube.ide.mcu.externaltools.gnu-tools-for-stm32.9-2020-q2-update.win32_2.0.0.202105311346/tools/bin/../lib/gcc/arm-none-eabi/9.3.1/thumb/v7-m/nofp/crtn.o
OUTPUT(Lab3.elf elf32-littlearm)
LOAD linker stubs
LOAD c:/st/stm32cubeide_1.7.0/stm32cubeide/plugins/com.st.stm32cube.ide.mcu.externaltools.gnu-tools-for-stm32.9-2020-q2-update.win32_2.0.0.202105311346/tools/bin/../lib/gcc/arm-none-eabi/9.3.1/../../../../arm-none-eabi/lib/thumb/v7-m/nofp\libc.a
LOAD c:/st/stm32cubeide_1.7.0/stm32cubeide/plugins/com.st.stm32cube.ide.mcu.externaltools.gnu-tools-for-stm32.9-2020-q2-update.win32_2.0.0.202105311346/tools/bin/../lib/gcc/arm-none-eabi/9.3.1/../../../../arm-none-eabi/lib/thumb/v7-m/nofp\libm.a
LOAD c:/st/stm32cubeide_1.7.0/stm32cubeide/plugins/com.st.stm32cube.ide.mcu.externaltools.gnu-tools-for-stm32.9-2020-q2-update.win32_2.0.0.202105311346/tools/bin/../lib/gcc/arm-none-eabi/9.3.1/thumb/v7-m/nofp\libgcc.a

.debug_info     0x0000000000000000    0x11f5b
 .debug_info    0x0000000000000000      0xcbf ./Core/Src/button.o
 .debug_info    0x0000000000000cbf      0xb2e ./Core/Src/fsm_auto.o
 .debug_info    0x00000000000017ed      0xb41 ./Core/Src/fsm_manual.o
 .debug_info    0x000000000000232e     0x1794 ./Core/Src/main.o
 .debug_info    0x0000000000003ac2      0xd07 ./Core/Src/scanLed.o
 .debug_info    0x00000000000047c9      0xcf9 ./Core/Src/scheduler.o
 .debug_info    0x00000000000054c2      0xdd8 ./Core/Src/stm32f1xx_hal_msp.o
 .debug_info    0x000000000000629a      0xa4b ./Core/Src/stm32f1xx_it.o
 .debug_info    0x0000000000006ce5      0xa25 ./Core/Src/sysmem.o
 .debug_info    0x000000000000770a      0x2be ./Core/Src/system_stm32f1xx.o
 .debug_info    0x00000000000079c8       0x22 ./Core/Startup/startup_stm32f103c6ux.o
 .debug_info    0x00000000000079ea      0x74c ./Drivers/STM32F1xx_HAL_Driver/Src/stm32f1xx_hal.o
 .debug_info    0x0000000000008136      0xbbe ./Drivers/STM32F1xx_HAL_Driver/Src/stm32f1xx_hal_cortex.o
 .debug_info    0x0000000000008cf4      0x823 ./Drivers/STM32F1xx_HAL_Driver/Src/stm32f1xx_hal_dma.o
 .debug_info    0x0000000000009517      0x701 ./Drivers/STM32F1xx_HAL_Driver/Src/stm32f1xx_hal_gpio.o
 .debug_info    0x0000000000009c18      0x730 ./Drivers/STM32F1xx_HAL_Driver/Src/stm32f1xx_hal_pwr.o
 .debug_info    0x000000000000a348      0x893 ./Drivers/STM32F1xx_HAL_Driver/Src/stm32f1xx_hal_rcc.o
 .debug_info    0x000000000000abdb     0x2c12 ./Drivers/STM32F1xx_HAL_Driver/Src/stm32f1xx_hal_tim.o
 .debug_info    0x000000000000d7ed     0x157f ./Drivers/STM32F1xx_HAL_Driver/Src/stm32f1xx_hal_tim_ex.o
 .debug_info    0x000000000000ed6c     0x31ef ./Drivers/STM32F1xx_HAL_Driver/Src/stm32f1xx_hal_uart.o

.debug_abbrev   0x0000000000000000     0x297c
 .debug_abbrev  0x0000000000000000      0x279 ./Core/Src/button.o
 .debug_abbrev  0x0000000000000279      0x1d6 ./Core/Src/fsm_auto.o
 .debug_abbrev  0x000000000000044f      0x1e1 ./Core/Src/fsm_manual.o
 .debug_abbrev  0x0000000000000630      0x2e2 ./Core/Src/main.o
 .debug_abbrev  0x0000000000000912      0x268 ./Core/Src/scanLed.o
 .debug_abbrev  0x0000000000000b7a      0x260 ./Core/Src/scheduler.o
 .debug_abbrev  0x0000000000000dda      0x1c8 ./Core/Src/stm32f1xx_hal_msp.o
 .debug_abbrev  0x0000000000000fa2      0x176 ./Core/Src/stm32f1xx_it.o
 .debug_abbrev  0x0000000000001118      0x1bf ./Core/Src/sysmem.o
 .debug_abbrev  0x00000000000012d7      0x14e ./Core/Src/system_stm32f1xx.o
 .debug_abbrev  0x0000000000001425       0x12 ./Core/Startup/startup_stm32f103c6ux.o
 .debug_abbrev  0x0000000000001437      0x1ed ./Drivers/STM32F1xx_HAL_Driver/Src/stm32f1xx_hal.o
 .debug_abbrev  0x0000000000001624      0x313 ./Drivers/STM32F1xx_HAL_Driver/Src/stm32f1xx_hal_cortex.o
 .debug_abbrev  0x0000000000001937      0x228 ./Drivers/STM32F1xx_HAL_Driver/Src/stm32f1xx_hal_dma.o
 .debug_abbrev  0x0000000000001b5f      0x1e8 ./Drivers/STM32F1xx_HAL_Driver/Src/stm32f1xx_hal_gpio.o
 .debug_abbrev  0x0000000000001d47      0x213 ./Drivers/STM32F1xx_HAL_Driver/Src/stm32f1xx_hal_pwr.o
 .debug_abbrev  0x0000000000001f5a      0x273 ./Drivers/STM32F1xx_HAL_Driver/Src/stm32f1xx_hal_rcc.o
 .debug_abbrev  0x00000000000021cd      0x25e ./Drivers/STM32F1xx_HAL_Driver/Src/stm32f1xx_hal_tim.o
 .debug_abbrev  0x000000000000242b      0x266 ./Drivers/STM32F1xx_HAL_Driver/Src/stm32f1xx_hal_tim_ex.o
 .debug_abbrev  0x0000000000002691      0x2eb ./Drivers/STM32F1xx_HAL_Driver/Src/stm32f1xx_hal_uart.o

.debug_aranges  0x0000000000000000      0xe10
 .debug_aranges
                0x0000000000000000       0x38 ./Core/Src/button.o
 .debug_aranges
                0x0000000000000038       0x20 ./Core/Src/fsm_auto.o
 .debug_aranges
                0x0000000000000058       0x40 ./Core/Src/fsm_manual.o
 .debug_aranges
                0x0000000000000098       0x58 ./Core/Src/main.o
 .debug_aranges
                0x00000000000000f0       0x88 ./Core/Src/scanLed.o
 .debug_aranges
                0x0000000000000178       0x48 ./Core/Src/scheduler.o
 .debug_aranges
                0x00000000000001c0       0x40 ./Core/Src/stm32f1xx_hal_msp.o
 .debug_aranges
                0x0000000000000200       0x70 ./Core/Src/stm32f1xx_it.o
 .debug_aranges
                0x0000000000000270       0x20 ./Core/Src/sysmem.o
 .debug_aranges
                0x0000000000000290       0x28 ./Core/Src/system_stm32f1xx.o
 .debug_aranges
                0x00000000000002b8       0x28 ./Core/Startup/startup_stm32f103c6ux.o
 .debug_aranges
                0x00000000000002e0       0xe0 ./Drivers/STM32F1xx_HAL_Driver/Src/stm32f1xx_hal.o
 .debug_aranges
                0x00000000000003c0      0x100 ./Drivers/STM32F1xx_HAL_Driver/Src/stm32f1xx_hal_cortex.o
 .debug_aranges
                0x00000000000004c0       0x80 ./Drivers/STM32F1xx_HAL_Driver/Src/stm32f1xx_hal_dma.o
 .debug_aranges
                0x0000000000000540       0x58 ./Drivers/STM32F1xx_HAL_Driver/Src/stm32f1xx_hal_gpio.o
 .debug_aranges
                0x0000000000000598       0xa8 ./Drivers/STM32F1xx_HAL_Driver/Src/stm32f1xx_hal_pwr.o
 .debug_aranges
                0x0000000000000640       0x90 ./Drivers/STM32F1xx_HAL_Driver/Src/stm32f1xx_hal_rcc.o
 .debug_aranges
                0x00000000000006d0      0x3d0 ./Drivers/STM32F1xx_HAL_Driver/Src/stm32f1xx_hal_tim.o
 .debug_aranges
                0x0000000000000aa0      0x168 ./Drivers/STM32F1xx_HAL_Driver/Src/stm32f1xx_hal_tim_ex.o
 .debug_aranges
                0x0000000000000c08      0x208 ./Drivers/STM32F1xx_HAL_Driver/Src/stm32f1xx_hal_uart.o

.debug_ranges   0x0000000000000000      0xd08
 .debug_ranges  0x0000000000000000       0x28 ./Core/Src/button.o
 .debug_ranges  0x0000000000000028       0x10 ./Core/Src/fsm_auto.o
 .debug_ranges  0x0000000000000038       0x30 ./Core/Src/fsm_manual.o
 .debug_ranges  0x0000000000000068       0x48 ./Core/Src/main.o
 .debug_ranges  0x00000000000000b0       0x78 ./Core/Src/scanLed.o
 .debug_ranges  0x0000000000000128       0x38 ./Core/Src/scheduler.o
 .debug_ranges  0x0000000000000160       0x30 ./Core/Src/stm32f1xx_hal_msp.o
 .debug_ranges  0x0000000000000190       0x60 ./Core/Src/stm32f1xx_it.o
 .debug_ranges  0x00000000000001f0       0x10 ./Core/Src/sysmem.o
 .debug_ranges  0x0000000000000200       0x18 ./Core/Src/system_stm32f1xx.o
 .debug_ranges  0x0000000000000218       0x20 ./Core/Startup/startup_stm32f103c6ux.o
 .debug_ranges  0x0000000000000238       0xd0 ./Drivers/STM32F1xx_HAL_Driver/Src/stm32f1xx_hal.o
 .debug_ranges  0x0000000000000308       0xf0 ./Drivers/STM32F1xx_HAL_Driver/Src/stm32f1xx_hal_cortex.o
 .debug_ranges  0x00000000000003f8       0x70 ./Drivers/STM32F1xx_HAL_Driver/Src/stm32f1xx_hal_dma.o
 .debug_ranges  0x0000000000000468       0x48 ./Drivers/STM32F1xx_HAL_Driver/Src/stm32f1xx_hal_gpio.o
 .debug_ranges  0x00000000000004b0       0x98 ./Drivers/STM32F1xx_HAL_Driver/Src/stm32f1xx_hal_pwr.o
 .debug_ranges  0x0000000000000548       0x80 ./Drivers/STM32F1xx_HAL_Driver/Src/stm32f1xx_hal_rcc.o
 .debug_ranges  0x00000000000005c8      0x3c0 ./Drivers/STM32F1xx_HAL_Driver/Src/stm32f1xx_hal_tim.o
 .debug_ranges  0x0000000000000988      0x158 ./Drivers/STM32F1xx_HAL_Driver/Src/stm32f1xx_hal_tim_ex.o
 .debug_ranges  0x0000000000000ae0      0x228 ./Drivers/STM32F1xx_HAL_Driver/Src/stm32f1xx_hal_uart.o

.debug_macro    0x0000000000000000    0x194e6
 .debug_macro   0x0000000000000000      0x3c5 ./Core/Src/button.o
 .debug_macro   0x00000000000003c5      0xa9c ./Core/Src/button.o
 .debug_macro   0x0000000000000e61       0x22 ./Core/Src/button.o
 .debug_macro   0x0000000000000e83       0x8e ./Core/Src/button.o
 .debug_macro   0x0000000000000f11       0x51 ./Core/Src/button.o
 .debug_macro   0x0000000000000f62      0x103 ./Core/Src/button.o
 .debug_macro   0x0000000000001065       0x6a ./Core/Src/button.o
 .debug_macro   0x00000000000010cf      0x1df ./Core/Src/button.o
 .debug_macro   0x00000000000012ae       0x18 ./Core/Src/button.o
 .debug_macro   0x00000000000012c6       0x52 ./Core/Src/button.o
 .debug_macro   0x0000000000001318       0x3c ./Core/Src/button.o
 .debug_macro   0x0000000000001354       0x34 ./Core/Src/button.o
 .debug_macro   0x0000000000001388       0x16 ./Core/Src/button.o
 .debug_macro   0x000000000000139e      0x10e ./Core/Src/button.o
 .debug_macro   0x00000000000014ac       0x8d ./Core/Src/button.o
 .debug_macro   0x0000000000001539       0x16 ./Core/Src/button.o
 .debug_macro   0x000000000000154f       0x43 ./Core/Src/button.o
 .debug_macro   0x0000000000001592       0x34 ./Core/Src/button.o
 .debug_macro   0x00000000000015c6       0x10 ./Core/Src/button.o
 .debug_macro   0x00000000000015d6       0x58 ./Core/Src/button.o
 .debug_macro   0x000000000000162e       0x71 ./Core/Src/button.o
 .debug_macro   0x000000000000169f       0x1c ./Core/Src/button.o
 .debug_macro   0x00000000000016bb      0x12a ./Core/Src/button.o
 .debug_macro   0x00000000000017e5      0x339 ./Core/Src/button.o
 .debug_macro   0x0000000000001b1e       0x16 ./Core/Src/button.o
 .debug_macro   0x0000000000001b34       0x29 ./Core/Src/button.o
 .debug_macro   0x0000000000001b5d       0x1c ./Core/Src/button.o
 .debug_macro   0x0000000000001b79       0x35 ./Core/Src/button.o
 .debug_macro   0x0000000000001bae       0x10 ./Core/Src/button.o
 .debug_macro   0x0000000000001bbe       0x10 ./Core/Src/button.o
 .debug_macro   0x0000000000001bce       0x1c ./Core/Src/button.o
 .debug_macro   0x0000000000001bea       0x52 ./Core/Src/button.o
 .debug_macro   0x0000000000001c3c       0x22 ./Core/Src/button.o
 .debug_macro   0x0000000000001c5e       0x10 ./Core/Src/button.o
 .debug_macro   0x0000000000001c6e       0x40 ./Core/Src/button.o
 .debug_macro   0x0000000000001cae       0xd5 ./Core/Src/button.o
 .debug_macro   0x0000000000001d83       0x1c ./Core/Src/button.o
 .debug_macro   0x0000000000001d9f       0x3d ./Core/Src/button.o
 .debug_macro   0x0000000000001ddc       0x16 ./Core/Src/button.o
 .debug_macro   0x0000000000001df2      0x145 ./Core/Src/button.o
 .debug_macro   0x0000000000001f37      0x21b ./Core/Src/button.o
 .debug_macro   0x0000000000002152       0x2e ./Core/Src/button.o
 .debug_macro   0x0000000000002180       0x22 ./Core/Src/button.o
 .debug_macro   0x00000000000021a2       0x1c ./Core/Src/button.o
 .debug_macro   0x00000000000021be       0x22 ./Core/Src/button.o
 .debug_macro   0x00000000000021e0       0xbd ./Core/Src/button.o
 .debug_macro   0x000000000000229d      0xd23 ./Core/Src/button.o
 .debug_macro   0x0000000000002fc0     0xde75 ./Core/Src/button.o
 .debug_macro   0x0000000000010e35       0x6d ./Core/Src/button.o
 .debug_macro   0x0000000000010ea2     0x348d ./Core/Src/button.o
 .debug_macro   0x000000000001432f       0x56 ./Core/Src/button.o
 .debug_macro   0x0000000000014385      0x5bc ./Core/Src/button.o
 .debug_macro   0x0000000000014941      0x1b7 ./Core/Src/button.o
 .debug_macro   0x0000000000014af8      0x1cb ./Core/Src/button.o
 .debug_macro   0x0000000000014cc3      0x114 ./Core/Src/button.o
 .debug_macro   0x0000000000014dd7      0x1b2 ./Core/Src/button.o
 .debug_macro   0x0000000000014f89       0x27 ./Core/Src/button.o
 .debug_macro   0x0000000000014fb0      0x12f ./Core/Src/button.o
 .debug_macro   0x00000000000150df      0x1bc ./Core/Src/button.o
 .debug_macro   0x000000000001529b       0x34 ./Core/Src/button.o
 .debug_macro   0x00000000000152cf       0x3c ./Core/Src/button.o
 .debug_macro   0x000000000001530b       0x57 ./Core/Src/button.o
 .debug_macro   0x0000000000015362       0x87 ./Core/Src/button.o
 .debug_macro   0x00000000000153e9      0x183 ./Core/Src/button.o
 .debug_macro   0x000000000001556c      0x140 ./Core/Src/button.o
 .debug_macro   0x00000000000156ac      0x8ed ./Core/Src/button.o
 .debug_macro   0x0000000000015f99      0x28e ./Core/Src/button.o
 .debug_macro   0x0000000000016227       0x69 ./Core/Src/button.o
 .debug_macro   0x0000000000016290      0x148 ./Core/Src/button.o
 .debug_macro   0x00000000000163d8       0x16 ./Core/Src/button.o
 .debug_macro   0x00000000000163ee       0x20 ./Core/Src/button.o
 .debug_macro   0x000000000001640e       0x40 ./Core/Src/button.o
 .debug_macro   0x000000000001644e       0x10 ./Core/Src/button.o
 .debug_macro   0x000000000001645e      0x3bf ./Core/Src/fsm_auto.o
 .debug_macro   0x000000000001681d       0x16 ./Core/Src/fsm_auto.o
 .debug_macro   0x0000000000016833      0x3bf ./Core/Src/fsm_manual.o
 .debug_macro   0x0000000000016bf2      0x3bf ./Core/Src/main.o
 .debug_macro   0x0000000000016fb1       0xc3 ./Core/Src/main.o
 .debug_macro   0x0000000000017074      0x174 ./Core/Src/main.o
 .debug_macro   0x00000000000171e8       0x5c ./Core/Src/main.o
 .debug_macro   0x0000000000017244      0x333 ./Core/Src/main.o
 .debug_macro   0x0000000000017577      0x3bf ./Core/Src/scanLed.o
 .debug_macro   0x0000000000017936      0x3bf ./Core/Src/scheduler.o
 .debug_macro   0x0000000000017cf5      0x1b0 ./Core/Src/stm32f1xx_hal_msp.o
 .debug_macro   0x0000000000017ea5      0x1ba ./Core/Src/stm32f1xx_it.o
 .debug_macro   0x000000000001805f       0xff ./Core/Src/sysmem.o
 .debug_macro   0x000000000001815e      0x23b ./Core/Src/sysmem.o
 .debug_macro   0x0000000000018399      0x1a1 ./Core/Src/system_stm32f1xx.o
 .debug_macro   0x000000000001853a      0x1c5 ./Drivers/STM32F1xx_HAL_Driver/Src/stm32f1xx_hal.o
 .debug_macro   0x00000000000186ff      0x1a1 ./Drivers/STM32F1xx_HAL_Driver/Src/stm32f1xx_hal_cortex.o
 .debug_macro   0x00000000000188a0      0x1a1 ./Drivers/STM32F1xx_HAL_Driver/Src/stm32f1xx_hal_dma.o
 .debug_macro   0x0000000000018a41      0x20c ./Drivers/STM32F1xx_HAL_Driver/Src/stm32f1xx_hal_gpio.o
 .debug_macro   0x0000000000018c4d      0x201 ./Drivers/STM32F1xx_HAL_Driver/Src/stm32f1xx_hal_pwr.o
 .debug_macro   0x0000000000018e4e      0x1b3 ./Drivers/STM32F1xx_HAL_Driver/Src/stm32f1xx_hal_rcc.o
 .debug_macro   0x0000000000019001      0x1a2 ./Drivers/STM32F1xx_HAL_Driver/Src/stm32f1xx_hal_tim.o
 .debug_macro   0x00000000000191a3      0x1a1 ./Drivers/STM32F1xx_HAL_Driver/Src/stm32f1xx_hal_tim_ex.o
 .debug_macro   0x0000000000019344      0x1a2 ./Drivers/STM32F1xx_HAL_Driver/Src/stm32f1xx_hal_uart.o

.debug_line     0x0000000000000000    0x10ff7
 .debug_line    0x0000000000000000      0x9e6 ./Core/Src/button.o
 .debug_line    0x00000000000009e6      0x99d ./Core/Src/fsm_auto.o
 .debug_line    0x0000000000001383      0xa40 ./Core/Src/fsm_manual.o
 .debug_line    0x0000000000001dc3      0xa89 ./Core/Src/main.o
 .debug_line    0x000000000000284c      0xc4c ./Core/Src/scanLed.o
 .debug_line    0x0000000000003498      0xb21 ./Core/Src/scheduler.o
 .debug_line    0x0000000000003fb9      0x70f ./Core/Src/stm32f1xx_hal_msp.o
 .debug_line    0x00000000000046c8      0x76f ./Core/Src/stm32f1xx_it.o
 .debug_line    0x0000000000004e37      0x4f8 ./Core/Src/sysmem.o
 .debug_line    0x000000000000532f      0x6fb ./Core/Src/system_stm32f1xx.o
 .debug_line    0x0000000000005a2a       0x86 ./Core/Startup/startup_stm32f103c6ux.o
 .debug_line    0x0000000000005ab0      0x928 ./Drivers/STM32F1xx_HAL_Driver/Src/stm32f1xx_hal.o
 .debug_line    0x00000000000063d8      0xb10 ./Drivers/STM32F1xx_HAL_Driver/Src/stm32f1xx_hal_cortex.o
 .debug_line    0x0000000000006ee8      0xd81 ./Drivers/STM32F1xx_HAL_Driver/Src/stm32f1xx_hal_dma.o
 .debug_line    0x0000000000007c69      0x9ab ./Drivers/STM32F1xx_HAL_Driver/Src/stm32f1xx_hal_gpio.o
 .debug_line    0x0000000000008614      0x8aa ./Drivers/STM32F1xx_HAL_Driver/Src/stm32f1xx_hal_pwr.o
 .debug_line    0x0000000000008ebe      0xd34 ./Drivers/STM32F1xx_HAL_Driver/Src/stm32f1xx_hal_rcc.o
 .debug_line    0x0000000000009bf2     0x335e ./Drivers/STM32F1xx_HAL_Driver/Src/stm32f1xx_hal_tim.o
 .debug_line    0x000000000000cf50     0x184e ./Drivers/STM32F1xx_HAL_Driver/Src/stm32f1xx_hal_tim_ex.o
 .debug_line    0x000000000000e79e     0x2859 ./Drivers/STM32F1xx_HAL_Driver/Src/stm32f1xx_hal_uart.o

.debug_str      0x0000000000000000    0x8977f
 .debug_str     0x0000000000000000    0x857b0 ./Core/Src/button.o
                                      0x85bc2 (size before relaxing)
 .debug_str     0x00000000000857b0       0x20 ./Core/Src/fsm_auto.o
                                      0x85afb (size before relaxing)
 .debug_str     0x00000000000857d0       0x58 ./Core/Src/fsm_manual.o
                                      0x85b33 (size before relaxing)
 .debug_str     0x0000000000085828      0x8f8 ./Core/Src/main.o
                                      0x864d6 (size before relaxing)
 .debug_str     0x0000000000086120       0xea ./Core/Src/scanLed.o
                                      0x85bf6 (size before relaxing)
 .debug_str     0x000000000008620a       0xde ./Core/Src/scheduler.o
                                      0x85bd7 (size before relaxing)
 .debug_str     0x00000000000862e8      0x2e4 ./Core/Src/stm32f1xx_hal_msp.o
                                      0x8218a (size before relaxing)
 .debug_str     0x00000000000865cc       0xdf ./Core/Src/stm32f1xx_it.o
                                      0x81e98 (size before relaxing)
 .debug_str     0x00000000000866ab      0x4e9 ./Core/Src/sysmem.o
                                       0x6265 (size before relaxing)
 .debug_str     0x0000000000086b94       0x52 ./Core/Src/system_stm32f1xx.o
                                      0x81332 (size before relaxing)
 .debug_str     0x0000000000086be6       0x36 ./Core/Startup/startup_stm32f103c6ux.o
                                         0x79 (size before relaxing)
 .debug_str     0x0000000000086c1c      0x304 ./Drivers/STM32F1xx_HAL_Driver/Src/stm32f1xx_hal.o
                                      0x81989 (size before relaxing)
 .debug_str     0x0000000000086f20      0x300 ./Drivers/STM32F1xx_HAL_Driver/Src/stm32f1xx_hal_cortex.o
                                      0x81991 (size before relaxing)
 .debug_str     0x0000000000087220      0x235 ./Drivers/STM32F1xx_HAL_Driver/Src/stm32f1xx_hal_dma.o
                                      0x8170d (size before relaxing)
 .debug_str     0x0000000000087455      0x311 ./Drivers/STM32F1xx_HAL_Driver/Src/stm32f1xx_hal_gpio.o
                                      0x816f6 (size before relaxing)
 .debug_str     0x0000000000087766      0x507 ./Drivers/STM32F1xx_HAL_Driver/Src/stm32f1xx_hal_pwr.o
                                      0x81895 (size before relaxing)
 .debug_str     0x0000000000087c6d      0x243 ./Drivers/STM32F1xx_HAL_Driver/Src/stm32f1xx_hal_rcc.o
                                      0x8172f (size before relaxing)
 .debug_str     0x0000000000087eb0      0xdc3 ./Drivers/STM32F1xx_HAL_Driver/Src/stm32f1xx_hal_tim.o
                                      0x82708 (size before relaxing)
 .debug_str     0x0000000000088c73      0x4ee ./Drivers/STM32F1xx_HAL_Driver/Src/stm32f1xx_hal_tim_ex.o
                                      0x81eb9 (size before relaxing)
 .debug_str     0x0000000000089161      0x61e ./Drivers/STM32F1xx_HAL_Driver/Src/stm32f1xx_hal_uart.o
                                      0x81d87 (size before relaxing)

.comment        0x0000000000000000       0x53
 .comment       0x0000000000000000       0x53 ./Core/Src/button.o
                                         0x54 (size before relaxing)
 .comment       0x0000000000000053       0x54 ./Core/Src/fsm_auto.o
 .comment       0x0000000000000053       0x54 ./Core/Src/fsm_manual.o
 .comment       0x0000000000000053       0x54 ./Core/Src/main.o
 .comment       0x0000000000000053       0x54 ./Core/Src/scanLed.o
 .comment       0x0000000000000053       0x54 ./Core/Src/scheduler.o
 .comment       0x0000000000000053       0x54 ./Core/Src/stm32f1xx_hal_msp.o
 .comment       0x0000000000000053       0x54 ./Core/Src/stm32f1xx_it.o
 .comment       0x0000000000000053       0x54 ./Core/Src/sysmem.o
 .comment       0x0000000000000053       0x54 ./Core/Src/system_stm32f1xx.o
 .comment       0x0000000000000053       0x54 ./Drivers/STM32F1xx_HAL_Driver/Src/stm32f1xx_hal.o
 .comment       0x0000000000000053       0x54 ./Drivers/STM32F1xx_HAL_Driver/Src/stm32f1xx_hal_cortex.o
 .comment       0x0000000000000053       0x54 ./Drivers/STM32F1xx_HAL_Driver/Src/stm32f1xx_hal_dma.o
 .comment       0x0000000000000053       0x54 ./Drivers/STM32F1xx_HAL_Driver/Src/stm32f1xx_hal_gpio.o
 .comment       0x0000000000000053       0x54 ./Drivers/STM32F1xx_HAL_Driver/Src/stm32f1xx_hal_pwr.o
 .comment       0x0000000000000053       0x54 ./Drivers/STM32F1xx_HAL_Driver/Src/stm32f1xx_hal_rcc.o
 .comment       0x0000000000000053       0x54 ./Drivers/STM32F1xx_HAL_Driver/Src/stm32f1xx_hal_tim.o
 .comment       0x0000000000000053       0x54 ./Drivers/STM32F1xx_HAL_Driver/Src/stm32f1xx_hal_tim_ex.o
 .comment       0x0000000000000053       0x54 ./Drivers/STM32F1xx_HAL_Driver/Src/stm32f1xx_hal_uart.o

.debug_frame    0x0000000000000000     0x3cbc
 .debug_frame   0x0000000000000000       0xa8 ./Core/Src/button.o
 .debug_frame   0x00000000000000a8       0x30 ./Core/Src/fsm_auto.o
 .debug_frame   0x00000000000000d8       0xa0 ./Core/Src/fsm_manual.o
 .debug_frame   0x0000000000000178      0x114 ./Core/Src/main.o
 .debug_frame   0x000000000000028c      0x1b8 ./Core/Src/scanLed.o
 .debug_frame   0x0000000000000444       0xe0 ./Core/Src/scheduler.o
 .debug_frame   0x0000000000000524       0xc8 ./Core/Src/stm32f1xx_hal_msp.o
 .debug_frame   0x00000000000005ec      0x13c ./Core/Src/stm32f1xx_it.o
 .debug_frame   0x0000000000000728       0x34 ./Core/Src/sysmem.o
 .debug_frame   0x000000000000075c       0x58 ./Core/Src/system_stm32f1xx.o
 .debug_frame   0x00000000000007b4      0x334 ./Drivers/STM32F1xx_HAL_Driver/Src/stm32f1xx_hal.o
 .debug_frame   0x0000000000000ae8      0x428 ./Drivers/STM32F1xx_HAL_Driver/Src/stm32f1xx_hal_cortex.o
 .debug_frame   0x0000000000000f10      0x208 ./Drivers/STM32F1xx_HAL_Driver/Src/stm32f1xx_hal_dma.o
 .debug_frame   0x0000000000001118      0x14c ./Drivers/STM32F1xx_HAL_Driver/Src/stm32f1xx_hal_gpio.o
 .debug_frame   0x0000000000001264      0x270 ./Drivers/STM32F1xx_HAL_Driver/Src/stm32f1xx_hal_pwr.o
 .debug_frame   0x00000000000014d4      0x218 ./Drivers/STM32F1xx_HAL_Driver/Src/stm32f1xx_hal_rcc.o
 .debug_frame   0x00000000000016ec     0x11b8 ./Drivers/STM32F1xx_HAL_Driver/Src/stm32f1xx_hal_tim.o
 .debug_frame   0x00000000000028a4      0x638 ./Drivers/STM32F1xx_HAL_Driver/Src/stm32f1xx_hal_tim_ex.o
 .debug_frame   0x0000000000002edc      0x944 ./Drivers/STM32F1xx_HAL_Driver/Src/stm32f1xx_hal_uart.o
 .debug_frame   0x0000000000003820       0x20 c:/st/stm32cubeide_1.7.0/stm32cubeide/plugins/com.st.stm32cube.ide.mcu.externaltools.gnu-tools-for-stm32.9-2020-q2-update.win32_2.0.0.202105311346/tools/bin/../lib/gcc/arm-none-eabi/9.3.1/../../../../arm-none-eabi/lib/thumb/v7-m/nofp\libc_nano.a(lib_a-errno.o)
 .debug_frame   0x0000000000003840       0x2c c:/st/stm32cubeide_1.7.0/stm32cubeide/plugins/com.st.stm32cube.ide.mcu.externaltools.gnu-tools-for-stm32.9-2020-q2-update.win32_2.0.0.202105311346/tools/bin/../lib/gcc/arm-none-eabi/9.3.1/../../../../arm-none-eabi/lib/thumb/v7-m/nofp\libc_nano.a(lib_a-init.o)
 .debug_frame   0x000000000000386c       0x30 c:/st/stm32cubeide_1.7.0/stm32cubeide/plugins/com.st.stm32cube.ide.mcu.externaltools.gnu-tools-for-stm32.9-2020-q2-update.win32_2.0.0.202105311346/tools/bin/../lib/gcc/arm-none-eabi/9.3.1/../../../../arm-none-eabi/lib/thumb/v7-m/nofp\libc_nano.a(lib_a-malloc.o)
 .debug_frame   0x000000000000389c       0x20 c:/st/stm32cubeide_1.7.0/stm32cubeide/plugins/com.st.stm32cube.ide.mcu.externaltools.gnu-tools-for-stm32.9-2020-q2-update.win32_2.0.0.202105311346/tools/bin/../lib/gcc/arm-none-eabi/9.3.1/../../../../arm-none-eabi/lib/thumb/v7-m/nofp\libc_nano.a(lib_a-memset.o)
 .debug_frame   0x00000000000038bc       0x38 c:/st/stm32cubeide_1.7.0/stm32cubeide/plugins/com.st.stm32cube.ide.mcu.externaltools.gnu-tools-for-stm32.9-2020-q2-update.win32_2.0.0.202105311346/tools/bin/../lib/gcc/arm-none-eabi/9.3.1/../../../../arm-none-eabi/lib/thumb/v7-m/nofp\libc_nano.a(lib_a-nano-freer.o)
 .debug_frame   0x00000000000038f4       0x30 c:/st/stm32cubeide_1.7.0/stm32cubeide/plugins/com.st.stm32cube.ide.mcu.externaltools.gnu-tools-for-stm32.9-2020-q2-update.win32_2.0.0.202105311346/tools/bin/../lib/gcc/arm-none-eabi/9.3.1/../../../../arm-none-eabi/lib/thumb/v7-m/nofp\libc_nano.a(lib_a-nano-mallocr.o)
 .debug_frame   0x0000000000003924       0x2c c:/st/stm32cubeide_1.7.0/stm32cubeide/plugins/com.st.stm32cube.ide.mcu.externaltools.gnu-tools-for-stm32.9-2020-q2-update.win32_2.0.0.202105311346/tools/bin/../lib/gcc/arm-none-eabi/9.3.1/../../../../arm-none-eabi/lib/thumb/v7-m/nofp\libc_nano.a(lib_a-sbrkr.o)
 .debug_frame   0x0000000000003950       0x6c c:/st/stm32cubeide_1.7.0/stm32cubeide/plugins/com.st.stm32cube.ide.mcu.externaltools.gnu-tools-for-stm32.9-2020-q2-update.win32_2.0.0.202105311346/tools/bin/../lib/gcc/arm-none-eabi/9.3.1/../../../../arm-none-eabi/lib/thumb/v7-m/nofp\libc_nano.a(lib_a-sprintf.o)
 .debug_frame   0x00000000000039bc       0x30 c:/st/stm32cubeide_1.7.0/stm32cubeide/plugins/com.st.stm32cube.ide.mcu.externaltools.gnu-tools-for-stm32.9-2020-q2-update.win32_2.0.0.202105311346/tools/bin/../lib/gcc/arm-none-eabi/9.3.1/../../../../arm-none-eabi/lib/thumb/v7-m/nofp\libc_nano.a(lib_a-mlock.o)
 .debug_frame   0x00000000000039ec       0x90 c:/st/stm32cubeide_1.7.0/stm32cubeide/plugins/com.st.stm32cube.ide.mcu.externaltools.gnu-tools-for-stm32.9-2020-q2-update.win32_2.0.0.202105311346/tools/bin/../lib/gcc/arm-none-eabi/9.3.1/../../../../arm-none-eabi/lib/thumb/v7-m/nofp\libc_nano.a(lib_a-nano-svfprintf.o)
 .debug_frame   0x0000000000003a7c       0x60 c:/st/stm32cubeide_1.7.0/stm32cubeide/plugins/com.st.stm32cube.ide.mcu.externaltools.gnu-tools-for-stm32.9-2020-q2-update.win32_2.0.0.202105311346/tools/bin/../lib/gcc/arm-none-eabi/9.3.1/../../../../arm-none-eabi/lib/thumb/v7-m/nofp\libc_nano.a(lib_a-nano-vfprintf_i.o)
 .debug_frame   0x0000000000003adc       0x5c c:/st/stm32cubeide_1.7.0/stm32cubeide/plugins/com.st.stm32cube.ide.mcu.externaltools.gnu-tools-for-stm32.9-2020-q2-update.win32_2.0.0.202105311346/tools/bin/../lib/gcc/arm-none-eabi/9.3.1/../../../../arm-none-eabi/lib/thumb/v7-m/nofp\libc_nano.a(lib_a-reent.o)
 .debug_frame   0x0000000000003b38       0xb0 c:/st/stm32cubeide_1.7.0/stm32cubeide/plugins/com.st.stm32cube.ide.mcu.externaltools.gnu-tools-for-stm32.9-2020-q2-update.win32_2.0.0.202105311346/tools/bin/../lib/gcc/arm-none-eabi/9.3.1/../../../../arm-none-eabi/lib/thumb/v7-m/nofp\libc_nano.a(lib_a-lock.o)
 .debug_frame   0x0000000000003be8       0x28 c:/st/stm32cubeide_1.7.0/stm32cubeide/plugins/com.st.stm32cube.ide.mcu.externaltools.gnu-tools-for-stm32.9-2020-q2-update.win32_2.0.0.202105311346/tools/bin/../lib/gcc/arm-none-eabi/9.3.1/../../../../arm-none-eabi/lib/thumb/v7-m/nofp\libc_nano.a(lib_a-memchr-stub.o)
 .debug_frame   0x0000000000003c10       0x28 c:/st/stm32cubeide_1.7.0/stm32cubeide/plugins/com.st.stm32cube.ide.mcu.externaltools.gnu-tools-for-stm32.9-2020-q2-update.win32_2.0.0.202105311346/tools/bin/../lib/gcc/arm-none-eabi/9.3.1/../../../../arm-none-eabi/lib/thumb/v7-m/nofp\libc_nano.a(lib_a-memcpy-stub.o)
 .debug_frame   0x0000000000003c38       0x28 c:/st/stm32cubeide_1.7.0/stm32cubeide/plugins/com.st.stm32cube.ide.mcu.externaltools.gnu-tools-for-stm32.9-2020-q2-update.win32_2.0.0.202105311346/tools/bin/../lib/gcc/arm-none-eabi/9.3.1/../../../../arm-none-eabi/lib/thumb/v7-m/nofp\libc_nano.a(lib_a-memmove.o)
 .debug_frame   0x0000000000003c60       0x3c c:/st/stm32cubeide_1.7.0/stm32cubeide/plugins/com.st.stm32cube.ide.mcu.externaltools.gnu-tools-for-stm32.9-2020-q2-update.win32_2.0.0.202105311346/tools/bin/../lib/gcc/arm-none-eabi/9.3.1/../../../../arm-none-eabi/lib/thumb/v7-m/nofp\libc_nano.a(lib_a-nano-reallocr.o)
 .debug_frame   0x0000000000003c9c       0x20 c:/st/stm32cubeide_1.7.0/stm32cubeide/plugins/com.st.stm32cube.ide.mcu.externaltools.gnu-tools-for-stm32.9-2020-q2-update.win32_2.0.0.202105311346/tools/bin/../lib/gcc/arm-none-eabi/9.3.1/../../../../arm-none-eabi/lib/thumb/v7-m/nofp\libc_nano.a(lib_a-nano-msizer.o)
